Component: ARM Compiler 5.06 update 7 (build 960) Tool: armlink [4d3601]

==============================================================================

Image Symbol Table

    Local Symbols

    Symbol Name                              Value     Ov Type        Size  Object(Section)

    RESET                                    0x00000000   Section      192  startup_cw32l010.o(RESET)
    ../clib/angel/boardlib.s                 0x00000000   Number         0  boardinit2.o ABSOLUTE
    ../clib/angel/boardlib.s                 0x00000000   Number         0  boardinit3.o ABSOLUTE
    ../clib/angel/boardlib.s                 0x00000000   Number         0  boardinit1.o ABSOLUTE
    ../clib/angel/boardlib.s                 0x00000000   Number         0  boardshut.o ABSOLUTE
    ../clib/angel/handlers.s                 0x00000000   Number         0  __scatter_zi.o ABSOLUTE
    ../clib/angel/handlers.s                 0x00000000   Number         0  __scatter_copy.o ABSOLUTE
    ../clib/angel/kernel.s                   0x00000000   Number         0  rtexit2.o ABSOLUTE
    ../clib/angel/kernel.s                   0x00000000   Number         0  __rtentry.o ABSOLUTE
    ../clib/angel/kernel.s                   0x00000000   Number         0  __rtentry4.o ABSOLUTE
    ../clib/angel/kernel.s                   0x00000000   Number         0  __rtentry2.o ABSOLUTE
    ../clib/angel/kernel.s                   0x00000000   Number         0  rtexit.o ABSOLUTE
    ../clib/angel/rt.s                       0x00000000   Number         0  rt_div0.o ABSOLUTE
    ../clib/angel/rt.s                       0x00000000   Number         0  aeabi_idiv0_sigfpe.o ABSOLUTE
    ../clib/angel/rt.s                       0x00000000   Number         0  aeabi_idiv0.o ABSOLUTE
    ../clib/angel/rt.s                       0x00000000   Number         0  rt_raise.o ABSOLUTE
    ../clib/angel/rt.s                       0x00000000   Number         0  aeabi_ldiv0_sigfpe.o ABSOLUTE
    ../clib/angel/rt.s                       0x00000000   Number         0  aeabi_ldiv0.o ABSOLUTE
    ../clib/angel/scatterp.s                 0x00000000   Number         0  __scatter.o ABSOLUTE
    ../clib/angel/startup.s                  0x00000000   Number         0  __main.o ABSOLUTE
    ../clib/angel/sys.s                      0x00000000   Number         0  use_no_semi.o ABSOLUTE
    ../clib/angel/sys.s                      0x00000000   Number         0  libspace.o ABSOLUTE
    ../clib/angel/sys.s                      0x00000000   Number         0  tempstk.o ABSOLUTE
    ../clib/angel/sys.s                      0x00000000   Number         0  sys_stackheap_outer.o ABSOLUTE
    ../clib/angel/sys.s                      0x00000000   Number         0  indicate_semi.o ABSOLUTE
    ../clib/angel/sysapp.c                   0x00000000   Number         0  sys_wrch.o ABSOLUTE
    ../clib/angel/sysapp.c                   0x00000000   Number         0  sys_exit.o ABSOLUTE
    ../clib/angel/sysapp.c                   0x00000000   Number         0  sys_command.o ABSOLUTE
    ../clib/armsys.c                         0x00000000   Number         0  _get_argv_nomalloc.o ABSOLUTE
    ../clib/armsys.c                         0x00000000   Number         0  argv_veneer.o ABSOLUTE
    ../clib/armsys.c                         0x00000000   Number         0  no_argv.o ABSOLUTE
    ../clib/division.c                       0x00000000   Number         0  lludiv.o ABSOLUTE
    ../clib/division.c                       0x00000000   Number         0  llsdiv.o ABSOLUTE
    ../clib/division.s                       0x00000000   Number         0  aeabi_sdiv_div0.o ABSOLUTE
    ../clib/division.s                       0x00000000   Number         0  aeabi_sdiv.o ABSOLUTE
    ../clib/heapalloc.c                      0x00000000   Number         0  hrguard.o ABSOLUTE
    ../clib/heapaux.c                        0x00000000   Number         0  heapauxi.o ABSOLUTE
    ../clib/libinit.s                        0x00000000   Number         0  libshutdown2.o ABSOLUTE
    ../clib/libinit.s                        0x00000000   Number         0  libinit.o ABSOLUTE
    ../clib/libinit.s                        0x00000000   Number         0  libinit2.o ABSOLUTE
    ../clib/libinit.s                        0x00000000   Number         0  libshutdown.o ABSOLUTE
    ../clib/memcpset.c                       0x00000000   Number         0  rt_memclr.o ABSOLUTE
    ../clib/memcpset.c                       0x00000000   Number         0  rt_memcpy.o ABSOLUTE
    ../clib/memcpset.c                       0x00000000   Number         0  rt_memcpy.o ABSOLUTE
    ../clib/signal.c                         0x00000000   Number         0  defsig_other.o ABSOLUTE
    ../clib/signal.c                         0x00000000   Number         0  defsig_segv_inner.o ABSOLUTE
    ../clib/signal.c                         0x00000000   Number         0  defsig_cppl_inner.o ABSOLUTE
    ../clib/signal.c                         0x00000000   Number         0  defsig_stak_inner.o ABSOLUTE
    ../clib/signal.c                         0x00000000   Number         0  defsig_rtmem_outer.o ABSOLUTE
    ../clib/signal.c                         0x00000000   Number         0  __raise.o ABSOLUTE
    ../clib/signal.c                         0x00000000   Number         0  defsig_pvfn_inner.o ABSOLUTE
    ../clib/signal.c                         0x00000000   Number         0  defsig_fpe_inner.o ABSOLUTE
    ../clib/signal.c                         0x00000000   Number         0  defsig_exit.o ABSOLUTE
    ../clib/signal.c                         0x00000000   Number         0  defsig_rtmem_formal.o ABSOLUTE
    ../clib/signal.c                         0x00000000   Number         0  defsig_fpe_outer.o ABSOLUTE
    ../clib/signal.c                         0x00000000   Number         0  defsig_general.o ABSOLUTE
    ../clib/signal.c                         0x00000000   Number         0  defsig_fpe_formal.o ABSOLUTE
    ../clib/signal.c                         0x00000000   Number         0  defsig_abrt_inner.o ABSOLUTE
    ../clib/signal.c                         0x00000000   Number         0  defsig_rtred_inner.o ABSOLUTE
    ../clib/signal.c                         0x00000000   Number         0  defsig_rtmem_inner.o ABSOLUTE
    ../clib/signal.s                         0x00000000   Number         0  defsig.o ABSOLUTE
    ../clib/stdlib.c                         0x00000000   Number         0  exit.o ABSOLUTE
    ../fplib/cfplib/d2f.c                    0x00000000   Number         0  d2f.o ABSOLUTE
    ../fplib/cfplib/daddsub.c                0x00000000   Number         0  daddsub.o ABSOLUTE
    ../fplib/cfplib/dmul.c                   0x00000000   Number         0  dmul.o ABSOLUTE
    ../fplib/cfplib/f2d.c                    0x00000000   Number         0  f2d.o ABSOLUTE
    ../fplib/cfplib/fdiv.c                   0x00000000   Number         0  fdiv.o ABSOLUTE
    ../fplib/cfplib/ffix.c                   0x00000000   Number         0  ffixui.o ABSOLUTE
    ../fplib/cfplib/fflt.c                   0x00000000   Number         0  dflti.o ABSOLUTE
    ../fplib/cfplib/fflt.c                   0x00000000   Number         0  fflti.o ABSOLUTE
    ../fplib/cfplib/fpinit.c                 0x00000000   Number         0  fpinit.o ABSOLUTE
    ../fplib/cfplib/scalbn.c                 0x00000000   Number         0  fscalbn.o ABSOLUTE
    ../fplib/faddsub6m.s                     0x00000000   Number         0  faddsub.o ABSOLUTE
    ../fplib/fmul6m.s                        0x00000000   Number         0  fmul.o ABSOLUTE
    ../fplib/usenofp.s                       0x00000000   Number         0  usenofp.o ABSOLUTE
    ..\..\IDEsupport\MDK\startup_cw32l010.s  0x00000000   Number         0  startup_cw32l010.o ABSOLUTE
    ..\..\Libraries\src\cw32l010_adc.c       0x00000000   Number         0  cw32l010_adc.o ABSOLUTE
    ..\..\Libraries\src\cw32l010_btim.c      0x00000000   Number         0  cw32l010_btim.o ABSOLUTE
    ..\..\Libraries\src\cw32l010_flash.c     0x00000000   Number         0  cw32l010_flash.o ABSOLUTE
    ..\..\Libraries\src\cw32l010_gpio.c      0x00000000   Number         0  cw32l010_gpio.o ABSOLUTE
    ..\..\Libraries\src\cw32l010_sysctrl.c   0x00000000   Number         0  cw32l010_sysctrl.o ABSOLUTE
    ..\..\Libraries\src\cw32l010_systick.c   0x00000000   Number         0  cw32l010_systick.o ABSOLUTE
    ..\..\Libraries\src\system_cw32l010.c    0x00000000   Number         0  system_cw32l010.o ABSOLUTE
    ..\GUI\ntc.c                             0x00000000   Number         0  ntc.o ABSOLUTE
    ..\USER\src\ADC.C                        0x00000000   Number         0  adc.o ABSOLUTE
    ..\USER\src\flash.c                      0x00000000   Number         0  flash.o ABSOLUTE
    ..\USER\src\interrupts_cw32l010.c        0x00000000   Number         0  interrupts_cw32l010.o ABSOLUTE
    ..\USER\src\main.c                       0x00000000   Number         0  main.o ABSOLUTE
    ..\USER\src\seg.c                        0x00000000   Number         0  seg.o ABSOLUTE
    ..\\..\\Libraries\\src\\cw32l010_adc.c   0x00000000   Number         0  cw32l010_adc.o ABSOLUTE
    ..\\..\\Libraries\\src\\cw32l010_btim.c  0x00000000   Number         0  cw32l010_btim.o ABSOLUTE
    ..\\..\\Libraries\\src\\cw32l010_flash.c 0x00000000   Number         0  cw32l010_flash.o ABSOLUTE
    ..\\..\\Libraries\\src\\cw32l010_gpio.c  0x00000000   Number         0  cw32l010_gpio.o ABSOLUTE
    ..\\..\\Libraries\\src\\cw32l010_sysctrl.c 0x00000000   Number         0  cw32l010_sysctrl.o ABSOLUTE
    ..\\..\\Libraries\\src\\cw32l010_systick.c 0x00000000   Number         0  cw32l010_systick.o ABSOLUTE
    ..\\..\\Libraries\\src\\system_cw32l010.c 0x00000000   Number         0  system_cw32l010.o ABSOLUTE
    ..\\GUI\\ntc.c                           0x00000000   Number         0  ntc.o ABSOLUTE
    ..\\USER\\src\\ADC.C                     0x00000000   Number         0  adc.o ABSOLUTE
    ..\\USER\\src\\flash.c                   0x00000000   Number         0  flash.o ABSOLUTE
    ..\\USER\\src\\interrupts_cw32l010.c     0x00000000   Number         0  interrupts_cw32l010.o ABSOLUTE
    ..\\USER\\src\\main.c                    0x00000000   Number         0  main.o ABSOLUTE
    ..\\USER\\src\\seg.c                     0x00000000   Number         0  seg.o ABSOLUTE
    dc.s                                     0x00000000   Number         0  dc.o ABSOLUTE
    !!!main                                  0x000000c0   Section        8  __main.o(!!!main)
    !!!scatter                               0x000000c8   Section       60  __scatter.o(!!!scatter)
    !!handler_copy                           0x00000104   Section       26  __scatter_copy.o(!!handler_copy)
    !!handler_zi                             0x00000120   Section       28  __scatter_zi.o(!!handler_zi)
    .ARM.Collect$$libinit$$00000000          0x0000013c   Section        2  libinit.o(.ARM.Collect$$libinit$$00000000)
    .ARM.Collect$$libinit$$00000002          0x0000013e   Section        0  libinit2.o(.ARM.Collect$$libinit$$00000002)
    .ARM.Collect$$libinit$$00000004          0x0000013e   Section        0  libinit2.o(.ARM.Collect$$libinit$$00000004)
    .ARM.Collect$$libinit$$0000000A          0x0000013e   Section        0  libinit2.o(.ARM.Collect$$libinit$$0000000A)
    .ARM.Collect$$libinit$$0000000C          0x0000013e   Section        0  libinit2.o(.ARM.Collect$$libinit$$0000000C)
    .ARM.Collect$$libinit$$0000000E          0x0000013e   Section        0  libinit2.o(.ARM.Collect$$libinit$$0000000E)
    .ARM.Collect$$libinit$$00000011          0x0000013e   Section        0  libinit2.o(.ARM.Collect$$libinit$$00000011)
    .ARM.Collect$$libinit$$00000013          0x0000013e   Section        0  libinit2.o(.ARM.Collect$$libinit$$00000013)
    .ARM.Collect$$libinit$$00000015          0x0000013e   Section        0  libinit2.o(.ARM.Collect$$libinit$$00000015)
    .ARM.Collect$$libinit$$00000017          0x0000013e   Section        0  libinit2.o(.ARM.Collect$$libinit$$00000017)
    .ARM.Collect$$libinit$$00000019          0x0000013e   Section        0  libinit2.o(.ARM.Collect$$libinit$$00000019)
    .ARM.Collect$$libinit$$0000001B          0x0000013e   Section        0  libinit2.o(.ARM.Collect$$libinit$$0000001B)
    .ARM.Collect$$libinit$$0000001D          0x0000013e   Section        0  libinit2.o(.ARM.Collect$$libinit$$0000001D)
    .ARM.Collect$$libinit$$0000001F          0x0000013e   Section        0  libinit2.o(.ARM.Collect$$libinit$$0000001F)
    .ARM.Collect$$libinit$$00000021          0x0000013e   Section        0  libinit2.o(.ARM.Collect$$libinit$$00000021)
    .ARM.Collect$$libinit$$00000023          0x0000013e   Section        0  libinit2.o(.ARM.Collect$$libinit$$00000023)
    .ARM.Collect$$libinit$$00000025          0x0000013e   Section        0  libinit2.o(.ARM.Collect$$libinit$$00000025)
    .ARM.Collect$$libinit$$0000002C          0x0000013e   Section        0  libinit2.o(.ARM.Collect$$libinit$$0000002C)
    .ARM.Collect$$libinit$$0000002E          0x0000013e   Section        0  libinit2.o(.ARM.Collect$$libinit$$0000002E)
    .ARM.Collect$$libinit$$00000030          0x0000013e   Section        0  libinit2.o(.ARM.Collect$$libinit$$00000030)
    .ARM.Collect$$libinit$$00000032          0x0000013e   Section        0  libinit2.o(.ARM.Collect$$libinit$$00000032)
    .ARM.Collect$$libinit$$00000033          0x0000013e   Section        2  libinit2.o(.ARM.Collect$$libinit$$00000033)
    .ARM.Collect$$libshutdown$$00000000      0x00000140   Section        2  libshutdown.o(.ARM.Collect$$libshutdown$$00000000)
    .ARM.Collect$$libshutdown$$00000002      0x00000142   Section        0  libshutdown2.o(.ARM.Collect$$libshutdown$$00000002)
    .ARM.Collect$$libshutdown$$00000004      0x00000142   Section        0  libshutdown2.o(.ARM.Collect$$libshutdown$$00000004)
    .ARM.Collect$$libshutdown$$00000006      0x00000142   Section        0  libshutdown2.o(.ARM.Collect$$libshutdown$$00000006)
    .ARM.Collect$$libshutdown$$00000009      0x00000142   Section        0  libshutdown2.o(.ARM.Collect$$libshutdown$$00000009)
    .ARM.Collect$$libshutdown$$0000000C      0x00000142   Section        0  libshutdown2.o(.ARM.Collect$$libshutdown$$0000000C)
    .ARM.Collect$$libshutdown$$0000000E      0x00000142   Section        0  libshutdown2.o(.ARM.Collect$$libshutdown$$0000000E)
    .ARM.Collect$$libshutdown$$00000011      0x00000142   Section        0  libshutdown2.o(.ARM.Collect$$libshutdown$$00000011)
    .ARM.Collect$$libshutdown$$00000012      0x00000142   Section        2  libshutdown2.o(.ARM.Collect$$libshutdown$$00000012)
    .ARM.Collect$$rtentry$$00000000          0x00000144   Section        0  __rtentry.o(.ARM.Collect$$rtentry$$00000000)
    .ARM.Collect$$rtentry$$00000002          0x00000144   Section        0  __rtentry2.o(.ARM.Collect$$rtentry$$00000002)
    .ARM.Collect$$rtentry$$00000004          0x00000144   Section        6  __rtentry4.o(.ARM.Collect$$rtentry$$00000004)
    .ARM.Collect$$rtentry$$00000009          0x0000014a   Section        0  __rtentry2.o(.ARM.Collect$$rtentry$$00000009)
    .ARM.Collect$$rtentry$$0000000A          0x0000014a   Section        4  __rtentry2.o(.ARM.Collect$$rtentry$$0000000A)
    .ARM.Collect$$rtentry$$0000000C          0x0000014e   Section        0  __rtentry2.o(.ARM.Collect$$rtentry$$0000000C)
    .ARM.Collect$$rtentry$$0000000D          0x0000014e   Section        8  __rtentry2.o(.ARM.Collect$$rtentry$$0000000D)
    .ARM.Collect$$rtexit$$00000000           0x00000156   Section        2  rtexit.o(.ARM.Collect$$rtexit$$00000000)
    .ARM.Collect$$rtexit$$00000002           0x00000158   Section        0  rtexit2.o(.ARM.Collect$$rtexit$$00000002)
    .ARM.Collect$$rtexit$$00000003           0x00000158   Section        4  rtexit2.o(.ARM.Collect$$rtexit$$00000003)
    .ARM.Collect$$rtexit$$00000004           0x0000015c   Section        6  rtexit2.o(.ARM.Collect$$rtexit$$00000004)
    .emb_text                                0x00000164   Section       56  rt_memcpy.o(.emb_text)
    .text                                    0x0000019c   Section       68  startup_cw32l010.o(.text)
    .text                                    0x000001e0   Section        0  rt_memclr.o(.text)
    .text                                    0x00000220   Section      346  aeabi_sdiv.o(.text)
    .text                                    0x0000037a   Section        0  heapauxi.o(.text)
    .text                                    0x00000380   Section        0  fdiv.o(.text)
    .text                                    0x000004e0   Section        0  ffixui.o(.text)
    .text                                    0x00000510   Section        0  fflti.o(.text)
    .text                                    0x00000570   Section        0  fscalbn.o(.text)
    .text                                    0x000005b4   Section       62  sys_stackheap_outer.o(.text)
    .text                                    0x000005f2   Section        0  exit.o(.text)
    .text                                    0x00000604   Section        8  libspace.o(.text)
    .text                                    0x0000060c   Section        0  sys_exit.o(.text)
    .text                                    0x00000618   Section        2  use_no_semi.o(.text)
    .text                                    0x0000061a   Section        0  indicate_semi.o(.text)
    i.ADC_ClearITPendingAll                  0x0000061c   Section        0  cw32l010_adc.o(i.ADC_ClearITPendingAll)
    i.ADC_Enable                             0x00000628   Section        0  cw32l010_adc.o(i.ADC_Enable)
    i.ADC_GetSqr0Result                      0x00000638   Section        0  cw32l010_adc.o(i.ADC_GetSqr0Result)
    i.ADC_GetSqr1Result                      0x00000648   Section        0  cw32l010_adc.o(i.ADC_GetSqr1Result)
    i.ADC_GetSqr2Result                      0x00000658   Section        0  cw32l010_adc.o(i.ADC_GetSqr2Result)
    i.ADC_GetSqr3Result                      0x00000668   Section        0  cw32l010_adc.o(i.ADC_GetSqr3Result)
    i.ADC_GetSqr4Result                      0x00000678   Section        0  cw32l010_adc.o(i.ADC_GetSqr4Result)
    i.ADC_IRQHandler                         0x00000688   Section        0  interrupts_cw32l010.o(i.ADC_IRQHandler)
    i.ADC_Init                               0x0000068c   Section        0  cw32l010_adc.o(i.ADC_Init)
    i.ADC_SoftwareStartConvCmd               0x000007f0   Section        0  cw32l010_adc.o(i.ADC_SoftwareStartConvCmd)
    i.ADC_init                               0x00000840   Section        0  adc.o(i.ADC_init)
    i.ATIM_IRQHandler                        0x000008e4   Section        0  interrupts_cw32l010.o(i.ATIM_IRQHandler)
    i.BTIM1_IRQHandler                       0x000008e8   Section        0  main.o(i.BTIM1_IRQHandler)
    i.BTIM1_init                             0x00000a50   Section        0  main.o(i.BTIM1_init)
    i.BTIM2_IRQHandler                       0x00000aa8   Section        0  main.o(i.BTIM2_IRQHandler)
    i.BTIM3_IRQHandler                       0x00000ac8   Section        0  interrupts_cw32l010.o(i.BTIM3_IRQHandler)
    i.BTIM_ClearITPendingBit                 0x00000acc   Section        0  cw32l010_btim.o(i.BTIM_ClearITPendingBit)
    i.BTIM_Cmd                               0x00000b30   Section        0  cw32l010_btim.o(i.BTIM_Cmd)
    i.BTIM_GetITStatus                       0x00000ba0   Section        0  cw32l010_btim.o(i.BTIM_GetITStatus)
    i.BTIM_ITConfig                          0x00000c08   Section        0  cw32l010_btim.o(i.BTIM_ITConfig)
    i.BTIM_TimeBaseInit                      0x00000c88   Section        0  cw32l010_btim.o(i.BTIM_TimeBaseInit)
    i.Brush                                  0x00000d4c   Section        0  main.o(i.Brush)
    i.Close_ALL                              0x00000e70   Section        0  seg.o(i.Close_ALL)
    i.Display_SEGA                           0x00000e8a   Section        0  seg.o(i.Display_SEGA)
    i.Display_SEGB                           0x00000f2a   Section        0  seg.o(i.Display_SEGB)
    i.Display_SEGC                           0x00000fc8   Section        0  seg.o(i.Display_SEGC)
    i.Display_SEGD                           0x00001066   Section        0  seg.o(i.Display_SEGD)
    i.Display_SEGDP                          0x00001106   Section        0  seg.o(i.Display_SEGDP)
    i.Display_SEGE                           0x00001198   Section        0  seg.o(i.Display_SEGE)
    i.Display_SEGF                           0x0000123a   Section        0  seg.o(i.Display_SEGF)
    i.Display_SEGG                           0x000012d6   Section        0  seg.o(i.Display_SEGG)
    i.Display_SEGV                           0x00001372   Section        0  seg.o(i.Display_SEGV)
    i.FAULT_IRQHandler                       0x000013ae   Section        0  interrupts_cw32l010.o(i.FAULT_IRQHandler)
    i.FLASHRAM_IRQHandler                    0x000013b0   Section        0  interrupts_cw32l010.o(i.FLASHRAM_IRQHandler)
    i.GPIOA_IRQHandler                       0x000013b2   Section        0  interrupts_cw32l010.o(i.GPIOA_IRQHandler)
    i.GPIOB_IRQHandler                       0x000013b4   Section        0  interrupts_cw32l010.o(i.GPIOB_IRQHandler)
    i.GPIO_Configuration                     0x000013b8   Section        0  main.o(i.GPIO_Configuration)
    i.GPIO_Init                              0x000013e8   Section        0  cw32l010_gpio.o(i.GPIO_Init)
    i.GPIO_ReadPin                           0x0000149c   Section        0  cw32l010_gpio.o(i.GPIO_ReadPin)
    i.GPIO_WritePin                          0x000014a6   Section        0  cw32l010_gpio.o(i.GPIO_WritePin)
    i.GTIM1_IRQHandler                       0x000014b2   Section        0  interrupts_cw32l010.o(i.GTIM1_IRQHandler)
    i.GetNTCTable_Temp                       0x000014b4   Section        0  ntc.o(i.GetNTCTable_Temp)
    i.Get_ADC_Value                          0x00001550   Section        0  adc.o(i.Get_ADC_Value)
    i.HardFault_Handler                      0x000015b4   Section        0  interrupts_cw32l010.o(i.HardFault_Handler)
    i.I2C1_IRQHandler                        0x000015b6   Section        0  interrupts_cw32l010.o(i.I2C1_IRQHandler)
    i.LPTIM_IRQHandler                       0x000015b8   Section        0  interrupts_cw32l010.o(i.LPTIM_IRQHandler)
    i.LVD_IRQHandler                         0x000015ba   Section        0  interrupts_cw32l010.o(i.LVD_IRQHandler)
    i.Mean_Value_Filter                      0x000015bc   Section        0  main.o(i.Mean_Value_Filter)
    i.NMI_Handler                            0x000015f0   Section        0  interrupts_cw32l010.o(i.NMI_Handler)
    i.PendSV_Handler                         0x000015f2   Section        0  interrupts_cw32l010.o(i.PendSV_Handler)
    i.RTC_IRQHandler                         0x000015f4   Section        0  interrupts_cw32l010.o(i.RTC_IRQHandler)
    i.SPI1_IRQHandler                        0x000015f6   Section        0  interrupts_cw32l010.o(i.SPI1_IRQHandler)
    i.SVC_Handler                            0x000015f8   Section        0  interrupts_cw32l010.o(i.SVC_Handler)
    i.SYSCTRL_Configuration                  0x000015fc   Section        0  main.o(i.SYSCTRL_Configuration)
    i.SYSCTRL_HSI_Enable                     0x0000162c   Section        0  cw32l010_sysctrl.o(i.SYSCTRL_HSI_Enable)
    i.SYSCTRL_IRQHandler                     0x00001734   Section        0  interrupts_cw32l010.o(i.SYSCTRL_IRQHandler)
    i.Seg_Init                               0x00001738   Section        0  seg.o(i.Seg_Init)
    i.SysTick_Handler                        0x00001760   Section        0  cw32l010_systick.o(i.SysTick_Handler)
    i.SystemInit                             0x00001770   Section        0  system_cw32l010.o(i.SystemInit)
    i.UART1_IRQHandler                       0x000017ac   Section        0  interrupts_cw32l010.o(i.UART1_IRQHandler)
    i.UART2_IRQHandler                       0x000017ae   Section        0  interrupts_cw32l010.o(i.UART2_IRQHandler)
    i.VC1_IRQHandler                         0x000017b0   Section        0  interrupts_cw32l010.o(i.VC1_IRQHandler)
    i.VC2_IRQHandler                         0x000017b2   Section        0  interrupts_cw32l010.o(i.VC2_IRQHandler)
    i.Volt_Cal                               0x000017b4   Section        0  main.o(i.Volt_Cal)
    i.WDT_IRQHandler                         0x0000189c   Section        0  interrupts_cw32l010.o(i.WDT_IRQHandler)
    i.__ARM_common_switch8                   0x0000189e   Section        0  main.o(i.__ARM_common_switch8)
    i.assert_failed                          0x000018b8   Section        0  main.o(i.assert_failed)
    i.main                                   0x000018bc   Section        0  main.o(i.main)
    x$fpl$fadd                               0x0000197c   Section      140  faddsub.o(x$fpl$fadd)
    _fadd1                                   0x00001989   Thumb Code     0  faddsub.o(x$fpl$fadd)
    x$fpl$fmul                               0x00001a08   Section      176  fmul.o(x$fpl$fmul)
    x$fpl$frsb                               0x00001ab8   Section       24  faddsub.o(x$fpl$frsb)
    x$fpl$fsub                               0x00001ad0   Section      208  faddsub.o(x$fpl$fsub)
    _fsub1                                   0x00001add   Thumb Code     0  faddsub.o(x$fpl$fsub)
    .constdata                               0x00001ba0   Section      404  ntc.o(.constdata)
    x$fpl$usenofp                            0x00001ba0   Section        0  usenofp.o(x$fpl$usenofp)
    .constdata                               0x00001d34   Section       64  fdiv.o(.constdata)
    fdiv_tab                                 0x00001d34   Data          64  fdiv.o(.constdata)
    .data                                    0x20000000   Section        4  system_cw32l010.o(.data)
    .data                                    0x20000004   Section       64  main.o(.data)
    timecount2                               0x2000003c   Data           4  main.o(.data)
    timecount                                0x20000040   Data           4  main.o(.data)
    .data                                    0x20000044   Section       21  seg.o(.data)
    .data                                    0x20000059   Section        3  seg.o(.data)
    .data                                    0x2000005c   Section        1  adc.o(.data)
    cnt                                      0x2000005c   Data           1  adc.o(.data)
    .data                                    0x20000060   Section       12  cw32l010_systick.o(.data)
    .bss                                     0x2000006c   Section     1000  adc.o(.bss)
    .bss                                     0x20000454   Section       96  libspace.o(.bss)
    HEAP                                     0x200004b8   Section      512  startup_cw32l010.o(HEAP)
    Heap_Mem                                 0x200004b8   Data         512  startup_cw32l010.o(HEAP)
    STACK                                    0x200006b8   Section      512  startup_cw32l010.o(STACK)
    Stack_Mem                                0x200006b8   Data         512  startup_cw32l010.o(STACK)
    __initial_sp                             0x200008b8   Data           0  startup_cw32l010.o(STACK)

    Global Symbols

    Symbol Name                              Value     Ov Type        Size  Object(Section)

    BuildAttributes$$THM_ISAv3M$S$PE$A:L22$X:L11$S22$IEEE1$IW$USESV6$~STKCKD$USESV7$~SHL$OSPACE$ROPI$EBA8$UX$STANDARDLIB$REQ8$PRES8$EABIv2 0x00000000   Number         0  anon$$obj.o ABSOLUTE
    __ARM_use_no_argv                        0x00000000   Number         0  main.o ABSOLUTE
    __Vectors                                0x00000000   Data           0  startup_cw32l010.o(RESET)
    __ARM_exceptions_init                     - Undefined Weak Reference
    __alloca_initialize                       - Undefined Weak Reference
    __arm_fini_                               - Undefined Weak Reference
    __arm_preinit_                            - Undefined Weak Reference
    __cpp_initialize__aeabi_                  - Undefined Weak Reference
    __cxa_finalize                            - Undefined Weak Reference
    __rt_locale                               - Undefined Weak Reference
    __sigvec_lookup                           - Undefined Weak Reference
    _atexit_init                              - Undefined Weak Reference
    _call_atexit_fns                          - Undefined Weak Reference
    _clock_init                               - Undefined Weak Reference
    _fp_trap_init                             - Undefined Weak Reference
    _fp_trap_shutdown                         - Undefined Weak Reference
    _get_lc_collate                           - Undefined Weak Reference
    _get_lc_ctype                             - Undefined Weak Reference
    _get_lc_monetary                          - Undefined Weak Reference
    _get_lc_numeric                           - Undefined Weak Reference
    _get_lc_time                              - Undefined Weak Reference
    _getenv_init                              - Undefined Weak Reference
    _handle_redirection                       - Undefined Weak Reference
    _init_alloc                               - Undefined Weak Reference
    _init_user_alloc                          - Undefined Weak Reference
    _initio                                   - Undefined Weak Reference
    _rand_init                                - Undefined Weak Reference
    _signal_finish                            - Undefined Weak Reference
    _signal_init                              - Undefined Weak Reference
    _terminate_alloc                          - Undefined Weak Reference
    _terminate_user_alloc                     - Undefined Weak Reference
    _terminateio                              - Undefined Weak Reference
    __Vectors_End                            0x000000c0   Data           0  startup_cw32l010.o(RESET)
    __Vectors_Size                           0x000000c0   Number         0  startup_cw32l010.o ABSOLUTE
    __main                                   0x000000c1   Thumb Code     8  __main.o(!!!main)
    __scatterload                            0x000000c9   Thumb Code     0  __scatter.o(!!!scatter)
    __scatterload_rt2                        0x000000c9   Thumb Code    52  __scatter.o(!!!scatter)
    __scatterload_rt2_thumb_only             0x000000c9   Thumb Code     0  __scatter.o(!!!scatter)
    __scatterload_null                       0x000000d9   Thumb Code     0  __scatter.o(!!!scatter)
    __scatterload_copy                       0x00000105   Thumb Code    26  __scatter_copy.o(!!handler_copy)
    __scatterload_zeroinit                   0x00000121   Thumb Code    28  __scatter_zi.o(!!handler_zi)
    __rt_lib_init                            0x0000013d   Thumb Code     0  libinit.o(.ARM.Collect$$libinit$$00000000)
    __rt_lib_init_alloca_1                   0x0000013f   Thumb Code     0  libinit2.o(.ARM.Collect$$libinit$$0000002E)
    __rt_lib_init_argv_1                     0x0000013f   Thumb Code     0  libinit2.o(.ARM.Collect$$libinit$$0000002C)
    __rt_lib_init_atexit_1                   0x0000013f   Thumb Code     0  libinit2.o(.ARM.Collect$$libinit$$0000001B)
    __rt_lib_init_clock_1                    0x0000013f   Thumb Code     0  libinit2.o(.ARM.Collect$$libinit$$00000021)
    __rt_lib_init_cpp_1                      0x0000013f   Thumb Code     0  libinit2.o(.ARM.Collect$$libinit$$00000032)
    __rt_lib_init_exceptions_1               0x0000013f   Thumb Code     0  libinit2.o(.ARM.Collect$$libinit$$00000030)
    __rt_lib_init_fp_1                       0x0000013f   Thumb Code     0  libinit2.o(.ARM.Collect$$libinit$$00000002)
    __rt_lib_init_fp_trap_1                  0x0000013f   Thumb Code     0  libinit2.o(.ARM.Collect$$libinit$$0000001F)
    __rt_lib_init_getenv_1                   0x0000013f   Thumb Code     0  libinit2.o(.ARM.Collect$$libinit$$00000023)
    __rt_lib_init_heap_1                     0x0000013f   Thumb Code     0  libinit2.o(.ARM.Collect$$libinit$$0000000A)
    __rt_lib_init_lc_collate_1               0x0000013f   Thumb Code     0  libinit2.o(.ARM.Collect$$libinit$$00000011)
    __rt_lib_init_lc_ctype_1                 0x0000013f   Thumb Code     0  libinit2.o(.ARM.Collect$$libinit$$00000013)
    __rt_lib_init_lc_monetary_1              0x0000013f   Thumb Code     0  libinit2.o(.ARM.Collect$$libinit$$00000015)
    __rt_lib_init_lc_numeric_1               0x0000013f   Thumb Code     0  libinit2.o(.ARM.Collect$$libinit$$00000017)
    __rt_lib_init_lc_time_1                  0x0000013f   Thumb Code     0  libinit2.o(.ARM.Collect$$libinit$$00000019)
    __rt_lib_init_preinit_1                  0x0000013f   Thumb Code     0  libinit2.o(.ARM.Collect$$libinit$$00000004)
    __rt_lib_init_rand_1                     0x0000013f   Thumb Code     0  libinit2.o(.ARM.Collect$$libinit$$0000000E)
    __rt_lib_init_return                     0x0000013f   Thumb Code     0  libinit2.o(.ARM.Collect$$libinit$$00000033)
    __rt_lib_init_signal_1                   0x0000013f   Thumb Code     0  libinit2.o(.ARM.Collect$$libinit$$0000001D)
    __rt_lib_init_stdio_1                    0x0000013f   Thumb Code     0  libinit2.o(.ARM.Collect$$libinit$$00000025)
    __rt_lib_init_user_alloc_1               0x0000013f   Thumb Code     0  libinit2.o(.ARM.Collect$$libinit$$0000000C)
    __rt_lib_shutdown                        0x00000141   Thumb Code     0  libshutdown.o(.ARM.Collect$$libshutdown$$00000000)
    __rt_lib_shutdown_cpp_1                  0x00000143   Thumb Code     0  libshutdown2.o(.ARM.Collect$$libshutdown$$00000004)
    __rt_lib_shutdown_fini_1                 0x00000143   Thumb Code     0  libshutdown2.o(.ARM.Collect$$libshutdown$$00000002)
    __rt_lib_shutdown_fp_trap_1              0x00000143   Thumb Code     0  libshutdown2.o(.ARM.Collect$$libshutdown$$00000009)
    __rt_lib_shutdown_heap_1                 0x00000143   Thumb Code     0  libshutdown2.o(.ARM.Collect$$libshutdown$$00000011)
    __rt_lib_shutdown_return                 0x00000143   Thumb Code     0  libshutdown2.o(.ARM.Collect$$libshutdown$$00000012)
    __rt_lib_shutdown_signal_1               0x00000143   Thumb Code     0  libshutdown2.o(.ARM.Collect$$libshutdown$$0000000C)
    __rt_lib_shutdown_stdio_1                0x00000143   Thumb Code     0  libshutdown2.o(.ARM.Collect$$libshutdown$$00000006)
    __rt_lib_shutdown_user_alloc_1           0x00000143   Thumb Code     0  libshutdown2.o(.ARM.Collect$$libshutdown$$0000000E)
    __rt_entry                               0x00000145   Thumb Code     0  __rtentry.o(.ARM.Collect$$rtentry$$00000000)
    __rt_entry_presh_1                       0x00000145   Thumb Code     0  __rtentry2.o(.ARM.Collect$$rtentry$$00000002)
    __rt_entry_sh                            0x00000145   Thumb Code     0  __rtentry4.o(.ARM.Collect$$rtentry$$00000004)
    __rt_entry_li                            0x0000014b   Thumb Code     0  __rtentry2.o(.ARM.Collect$$rtentry$$0000000A)
    __rt_entry_postsh_1                      0x0000014b   Thumb Code     0  __rtentry2.o(.ARM.Collect$$rtentry$$00000009)
    __rt_entry_main                          0x0000014f   Thumb Code     0  __rtentry2.o(.ARM.Collect$$rtentry$$0000000D)
    __rt_entry_postli_1                      0x0000014f   Thumb Code     0  __rtentry2.o(.ARM.Collect$$rtentry$$0000000C)
    __rt_exit                                0x00000157   Thumb Code     0  rtexit.o(.ARM.Collect$$rtexit$$00000000)
    __rt_exit_ls                             0x00000159   Thumb Code     0  rtexit2.o(.ARM.Collect$$rtexit$$00000003)
    __rt_exit_prels_1                        0x00000159   Thumb Code     0  rtexit2.o(.ARM.Collect$$rtexit$$00000002)
    __rt_exit_exit                           0x0000015d   Thumb Code     0  rtexit2.o(.ARM.Collect$$rtexit$$00000004)
    __aeabi_memcpy4                          0x00000165   Thumb Code    56  rt_memcpy.o(.emb_text)
    __aeabi_memcpy8                          0x00000165   Thumb Code     0  rt_memcpy.o(.emb_text)
    Reset_Handler                            0x0000019d   Thumb Code    14  startup_cw32l010.o(.text)
    CLKFAULT_IRQHandler                      0x000001b5   Thumb Code     0  startup_cw32l010.o(.text)
    __user_initial_stackheap                 0x000001b9   Thumb Code     0  startup_cw32l010.o(.text)
    _memset_w                                0x000001e1   Thumb Code    26  rt_memclr.o(.text)
    _memset                                  0x000001fb   Thumb Code    30  rt_memclr.o(.text)
    __aeabi_memclr                           0x00000219   Thumb Code     4  rt_memclr.o(.text)
    __rt_memclr                              0x00000219   Thumb Code     0  rt_memclr.o(.text)
    __aeabi_memclr4                          0x0000021d   Thumb Code     0  rt_memclr.o(.text)
    __aeabi_memclr8                          0x0000021d   Thumb Code     0  rt_memclr.o(.text)
    __rt_memclr_w                            0x0000021d   Thumb Code     4  rt_memclr.o(.text)
    __aeabi_uidiv                            0x00000221   Thumb Code     0  aeabi_sdiv.o(.text)
    __aeabi_uidivmod                         0x00000221   Thumb Code    20  aeabi_sdiv.o(.text)
    __aeabi_idiv                             0x00000235   Thumb Code     0  aeabi_sdiv.o(.text)
    __aeabi_idivmod                          0x00000235   Thumb Code   326  aeabi_sdiv.o(.text)
    __use_two_region_memory                  0x0000037b   Thumb Code     2  heapauxi.o(.text)
    __rt_heap_escrow$2region                 0x0000037d   Thumb Code     2  heapauxi.o(.text)
    __rt_heap_expand$2region                 0x0000037f   Thumb Code     2  heapauxi.o(.text)
    __aeabi_fdiv                             0x00000381   Thumb Code     0  fdiv.o(.text)
    _fdiv                                    0x00000381   Thumb Code   334  fdiv.o(.text)
    _frdiv                                   0x000004cf   Thumb Code     8  fdiv.o(.text)
    __aeabi_f2uiz                            0x000004e1   Thumb Code     0  ffixui.o(.text)
    _ffixu                                   0x000004e1   Thumb Code    48  ffixui.o(.text)
    __aeabi_i2f_normalise                    0x00000511   Thumb Code    72  fflti.o(.text)
    __aeabi_i2f                              0x00000559   Thumb Code    16  fflti.o(.text)
    _fflt                                    0x00000559   Thumb Code     0  fflti.o(.text)
    __aeabi_ui2f                             0x00000569   Thumb Code     6  fflti.o(.text)
    _ffltu                                   0x00000569   Thumb Code     0  fflti.o(.text)
    __ARM_scalbnf                            0x00000571   Thumb Code    64  fscalbn.o(.text)
    __user_setup_stackheap                   0x000005b5   Thumb Code    62  sys_stackheap_outer.o(.text)
    exit                                     0x000005f3   Thumb Code    16  exit.o(.text)
    __user_libspace                          0x00000605   Thumb Code     8  libspace.o(.text)
    __user_perproc_libspace                  0x00000605   Thumb Code     0  libspace.o(.text)
    __user_perthread_libspace                0x00000605   Thumb Code     0  libspace.o(.text)
    _sys_exit                                0x0000060d   Thumb Code     8  sys_exit.o(.text)
    __I$use$semihosting                      0x00000619   Thumb Code     0  use_no_semi.o(.text)
    __use_no_semihosting_swi                 0x00000619   Thumb Code     2  use_no_semi.o(.text)
    __semihosting_library_function           0x0000061b   Thumb Code     0  indicate_semi.o(.text)
    ADC_ClearITPendingAll                    0x0000061d   Thumb Code     8  cw32l010_adc.o(i.ADC_ClearITPendingAll)
    ADC_Enable                               0x00000629   Thumb Code    16  cw32l010_adc.o(i.ADC_Enable)
    ADC_GetSqr0Result                        0x00000639   Thumb Code    12  cw32l010_adc.o(i.ADC_GetSqr0Result)
    ADC_GetSqr1Result                        0x00000649   Thumb Code    12  cw32l010_adc.o(i.ADC_GetSqr1Result)
    ADC_GetSqr2Result                        0x00000659   Thumb Code    12  cw32l010_adc.o(i.ADC_GetSqr2Result)
    ADC_GetSqr3Result                        0x00000669   Thumb Code    12  cw32l010_adc.o(i.ADC_GetSqr3Result)
    ADC_GetSqr4Result                        0x00000679   Thumb Code    12  cw32l010_adc.o(i.ADC_GetSqr4Result)
    ADC_IRQHandler                           0x00000689   Thumb Code     2  interrupts_cw32l010.o(i.ADC_IRQHandler)
    ADC_Init                                 0x0000068d   Thumb Code   312  cw32l010_adc.o(i.ADC_Init)
    ADC_SoftwareStartConvCmd                 0x000007f1   Thumb Code    42  cw32l010_adc.o(i.ADC_SoftwareStartConvCmd)
    ADC_init                                 0x00000841   Thumb Code   150  adc.o(i.ADC_init)
    ATIM_IRQHandler                          0x000008e5   Thumb Code     2  interrupts_cw32l010.o(i.ATIM_IRQHandler)
    BTIM1_IRQHandler                         0x000008e9   Thumb Code   344  main.o(i.BTIM1_IRQHandler)
    BTIM1_init                               0x00000a51   Thumb Code    72  main.o(i.BTIM1_init)
    BTIM2_IRQHandler                         0x00000aa9   Thumb Code    26  main.o(i.BTIM2_IRQHandler)
    BTIM3_IRQHandler                         0x00000ac9   Thumb Code     2  interrupts_cw32l010.o(i.BTIM3_IRQHandler)
    BTIM_ClearITPendingBit                   0x00000acd   Thumb Code    60  cw32l010_btim.o(i.BTIM_ClearITPendingBit)
    BTIM_Cmd                                 0x00000b31   Thumb Code    70  cw32l010_btim.o(i.BTIM_Cmd)
    BTIM_GetITStatus                         0x00000ba1   Thumb Code    62  cw32l010_btim.o(i.BTIM_GetITStatus)
    BTIM_ITConfig                            0x00000c09   Thumb Code    86  cw32l010_btim.o(i.BTIM_ITConfig)
    BTIM_TimeBaseInit                        0x00000c89   Thumb Code   142  cw32l010_btim.o(i.BTIM_TimeBaseInit)
    Brush                                    0x00000d4d   Thumb Code   278  main.o(i.Brush)
    Close_ALL                                0x00000e71   Thumb Code    26  seg.o(i.Close_ALL)
    Display_SEGA                             0x00000e8b   Thumb Code   160  seg.o(i.Display_SEGA)
    Display_SEGB                             0x00000f2b   Thumb Code   158  seg.o(i.Display_SEGB)
    Display_SEGC                             0x00000fc9   Thumb Code   158  seg.o(i.Display_SEGC)
    Display_SEGD                             0x00001067   Thumb Code   160  seg.o(i.Display_SEGD)
    Display_SEGDP                            0x00001107   Thumb Code   146  seg.o(i.Display_SEGDP)
    Display_SEGE                             0x00001199   Thumb Code   162  seg.o(i.Display_SEGE)
    Display_SEGF                             0x0000123b   Thumb Code   156  seg.o(i.Display_SEGF)
    Display_SEGG                             0x000012d7   Thumb Code   156  seg.o(i.Display_SEGG)
    Display_SEGV                             0x00001373   Thumb Code    60  seg.o(i.Display_SEGV)
    FAULT_IRQHandler                         0x000013af   Thumb Code     2  interrupts_cw32l010.o(i.FAULT_IRQHandler)
    FLASHRAM_IRQHandler                      0x000013b1   Thumb Code     2  interrupts_cw32l010.o(i.FLASHRAM_IRQHandler)
    GPIOA_IRQHandler                         0x000013b3   Thumb Code     2  interrupts_cw32l010.o(i.GPIOA_IRQHandler)
    GPIOB_IRQHandler                         0x000013b5   Thumb Code     2  interrupts_cw32l010.o(i.GPIOB_IRQHandler)
    GPIO_Configuration                       0x000013b9   Thumb Code    34  main.o(i.GPIO_Configuration)
    GPIO_Init                                0x000013e9   Thumb Code   170  cw32l010_gpio.o(i.GPIO_Init)
    GPIO_ReadPin                             0x0000149d   Thumb Code    10  cw32l010_gpio.o(i.GPIO_ReadPin)
    GPIO_WritePin                            0x000014a7   Thumb Code    12  cw32l010_gpio.o(i.GPIO_WritePin)
    GTIM1_IRQHandler                         0x000014b3   Thumb Code     2  interrupts_cw32l010.o(i.GTIM1_IRQHandler)
    GetNTCTable_Temp                         0x000014b5   Thumb Code   142  ntc.o(i.GetNTCTable_Temp)
    Get_ADC_Value                            0x00001551   Thumb Code    88  adc.o(i.Get_ADC_Value)
    HardFault_Handler                        0x000015b5   Thumb Code     2  interrupts_cw32l010.o(i.HardFault_Handler)
    I2C1_IRQHandler                          0x000015b7   Thumb Code     2  interrupts_cw32l010.o(i.I2C1_IRQHandler)
    LPTIM_IRQHandler                         0x000015b9   Thumb Code     2  interrupts_cw32l010.o(i.LPTIM_IRQHandler)
    LVD_IRQHandler                           0x000015bb   Thumb Code     2  interrupts_cw32l010.o(i.LVD_IRQHandler)
    Mean_Value_Filter                        0x000015bd   Thumb Code    48  main.o(i.Mean_Value_Filter)
    NMI_Handler                              0x000015f1   Thumb Code     2  interrupts_cw32l010.o(i.NMI_Handler)
    PendSV_Handler                           0x000015f3   Thumb Code     2  interrupts_cw32l010.o(i.PendSV_Handler)
    RTC_IRQHandler                           0x000015f5   Thumb Code     2  interrupts_cw32l010.o(i.RTC_IRQHandler)
    SPI1_IRQHandler                          0x000015f7   Thumb Code     2  interrupts_cw32l010.o(i.SPI1_IRQHandler)
    SVC_Handler                              0x000015f9   Thumb Code     2  interrupts_cw32l010.o(i.SVC_Handler)
    SYSCTRL_Configuration                    0x000015fd   Thumb Code    30  main.o(i.SYSCTRL_Configuration)
    SYSCTRL_HSI_Enable                       0x0000162d   Thumb Code   206  cw32l010_sysctrl.o(i.SYSCTRL_HSI_Enable)
    SYSCTRL_IRQHandler                       0x00001735   Thumb Code     2  interrupts_cw32l010.o(i.SYSCTRL_IRQHandler)
    Seg_Init                                 0x00001739   Thumb Code    34  seg.o(i.Seg_Init)
    SysTick_Handler                          0x00001761   Thumb Code    12  cw32l010_systick.o(i.SysTick_Handler)
    SystemInit                               0x00001771   Thumb Code    44  system_cw32l010.o(i.SystemInit)
    UART1_IRQHandler                         0x000017ad   Thumb Code     2  interrupts_cw32l010.o(i.UART1_IRQHandler)
    UART2_IRQHandler                         0x000017af   Thumb Code     2  interrupts_cw32l010.o(i.UART2_IRQHandler)
    VC1_IRQHandler                           0x000017b1   Thumb Code     2  interrupts_cw32l010.o(i.VC1_IRQHandler)
    VC2_IRQHandler                           0x000017b3   Thumb Code     2  interrupts_cw32l010.o(i.VC2_IRQHandler)
    Volt_Cal                                 0x000017b5   Thumb Code   184  main.o(i.Volt_Cal)
    WDT_IRQHandler                           0x0000189d   Thumb Code     2  interrupts_cw32l010.o(i.WDT_IRQHandler)
    __ARM_common_switch8                     0x0000189f   Thumb Code    26  main.o(i.__ARM_common_switch8)
    assert_failed                            0x000018b9   Thumb Code     2  main.o(i.assert_failed)
    main                                     0x000018bd   Thumb Code   184  main.o(i.main)
    __aeabi_fadd                             0x0000197d   Thumb Code     0  faddsub.o(x$fpl$fadd)
    _fadd                                    0x0000197d   Thumb Code   134  faddsub.o(x$fpl$fadd)
    __aeabi_fmul                             0x00001a09   Thumb Code     0  fmul.o(x$fpl$fmul)
    _fmul                                    0x00001a09   Thumb Code   172  fmul.o(x$fpl$fmul)
    __aeabi_frsub                            0x00001ab9   Thumb Code     0  faddsub.o(x$fpl$frsb)
    _frsb                                    0x00001ab9   Thumb Code    24  faddsub.o(x$fpl$frsb)
    __aeabi_fsub                             0x00001ad1   Thumb Code     0  faddsub.o(x$fpl$fsub)
    _fsub                                    0x00001ad1   Thumb Code   204  faddsub.o(x$fpl$fsub)
    __I$use$fp                               0x00001ba0   Number         0  usenofp.o(x$fpl$usenofp)
    Region$$Table$$Base                      0x00001d74   Number         0  anon$$obj.o(Region$$Table)
    Region$$Table$$Limit                     0x00001d94   Number         0  anon$$obj.o(Region$$Table)
    SystemCoreClock                          0x20000000   Data           4  system_cw32l010.o(.data)
    kecou                                    0x20000004   Data           1  main.o(.data)
    Mode                                     0x20000005   Data           1  main.o(.data)
    VSEGONflag                               0x20000006   Data           1  main.o(.data)
    comb                                     0x20000007   Data           1  main.o(.data)
    segb                                     0x20000008   Data           1  main.o(.data)
    st                                       0x20000009   Data           1  main.o(.data)
    VSEGdisp                                 0x2000000a   Data           1  main.o(.data)
    Dis_Value                                0x2000000b   Data           1  main.o(.data)
    NTC_Num                                  0x2000000c   Data           2  main.o(.data)
    V_Buffer                                 0x2000000e   Data           2  main.o(.data)
    I_Buffer                                 0x20000010   Data           2  main.o(.data)
    V12_Buffer                               0x20000012   Data           2  main.o(.data)
    Vvalue                                   0x20000014   Data           4  main.o(.data)
    Ivalue                                   0x20000018   Data           4  main.o(.data)
    tcount                                   0x2000001c   Data           4  main.o(.data)
    tcountD                                  0x20000020   Data           4  main.o(.data)
    adsampleflag                             0x20000024   Data           4  main.o(.data)
    IDIN                                     0x20000028   Data           4  main.o(.data)
    Ipiancha                                 0x2000002c   Data           4  main.o(.data)
    NTC_Seg                                  0x20000030   Data           4  main.o(.data)
    VI                                       0x20000034   Data           4  main.o(.data)
    tab_timer                                0x20000038   Data           4  main.o(.data)
    Seg_Table                                0x20000044   Data          21  seg.o(.data)
    Seg_Reg                                  0x20000059   Data           3  seg.o(.data)
    uwTickFreq                               0x20000060   Data           1  cw32l010_systick.o(.data)
    uwTickPrio                               0x20000064   Data           4  cw32l010_systick.o(.data)
    uwTick                                   0x20000068   Data           4  cw32l010_systick.o(.data)
    Volt_Buffer                              0x2000006c   Data         200  adc.o(.bss)
    Curr_Buffer                              0x20000134   Data         200  adc.o(.bss)
    V12V_Buffer                              0x200001fc   Data         200  adc.o(.bss)
    IPV1_Buffer                              0x200002c4   Data         200  adc.o(.bss)
    NTC_Buffer                               0x2000038c   Data         200  adc.o(.bss)
    __libspace_start                         0x20000454   Data          96  libspace.o(.bss)
    __temporary_stack_top$libspace           0x200004b4   Data           0  libspace.o(.bss)



==============================================================================

Memory Map of the image

  Image Entry point : 0x000000c1

  Load Region LR_IROM1 (Base: 0x00000000, Size: 0x00001e00, Max: 0x00020000, ABSOLUTE)

    Execution Region ER_IROM1 (Exec base: 0x00000000, Load base: 0x00000000, Size: 0x00001d94, Max: 0x00020000, ABSOLUTE)

    Exec Addr    Load Addr    Size         Type   Attr      Idx    E Section Name        Object

    0x00000000   0x00000000   0x000000c0   Data   RO           78    RESET               startup_cw32l010.o
    0x000000c0   0x000000c0   0x00000008   Code   RO         1415  * !!!main             c_p.l(__main.o)
    0x000000c8   0x000000c8   0x0000003c   Code   RO         1620    !!!scatter          c_p.l(__scatter.o)
    0x00000104   0x00000104   0x0000001a   Code   RO         1622    !!handler_copy      c_p.l(__scatter_copy.o)
    0x0000011e   0x0000011e   0x00000002   PAD
    0x00000120   0x00000120   0x0000001c   Code   RO         1624    !!handler_zi        c_p.l(__scatter_zi.o)
    0x0000013c   0x0000013c   0x00000002   Code   RO         1487    .ARM.Collect$$libinit$$00000000  c_p.l(libinit.o)
    0x0000013e   0x0000013e   0x00000000   Code   RO         1501    .ARM.Collect$$libinit$$00000002  c_p.l(libinit2.o)
    0x0000013e   0x0000013e   0x00000000   Code   RO         1503    .ARM.Collect$$libinit$$00000004  c_p.l(libinit2.o)
    0x0000013e   0x0000013e   0x00000000   Code   RO         1506    .ARM.Collect$$libinit$$0000000A  c_p.l(libinit2.o)
    0x0000013e   0x0000013e   0x00000000   Code   RO         1508    .ARM.Collect$$libinit$$0000000C  c_p.l(libinit2.o)
    0x0000013e   0x0000013e   0x00000000   Code   RO         1510    .ARM.Collect$$libinit$$0000000E  c_p.l(libinit2.o)
    0x0000013e   0x0000013e   0x00000000   Code   RO         1513    .ARM.Collect$$libinit$$00000011  c_p.l(libinit2.o)
    0x0000013e   0x0000013e   0x00000000   Code   RO         1515    .ARM.Collect$$libinit$$00000013  c_p.l(libinit2.o)
    0x0000013e   0x0000013e   0x00000000   Code   RO         1517    .ARM.Collect$$libinit$$00000015  c_p.l(libinit2.o)
    0x0000013e   0x0000013e   0x00000000   Code   RO         1519    .ARM.Collect$$libinit$$00000017  c_p.l(libinit2.o)
    0x0000013e   0x0000013e   0x00000000   Code   RO         1521    .ARM.Collect$$libinit$$00000019  c_p.l(libinit2.o)
    0x0000013e   0x0000013e   0x00000000   Code   RO         1523    .ARM.Collect$$libinit$$0000001B  c_p.l(libinit2.o)
    0x0000013e   0x0000013e   0x00000000   Code   RO         1525    .ARM.Collect$$libinit$$0000001D  c_p.l(libinit2.o)
    0x0000013e   0x0000013e   0x00000000   Code   RO         1527    .ARM.Collect$$libinit$$0000001F  c_p.l(libinit2.o)
    0x0000013e   0x0000013e   0x00000000   Code   RO         1529    .ARM.Collect$$libinit$$00000021  c_p.l(libinit2.o)
    0x0000013e   0x0000013e   0x00000000   Code   RO         1531    .ARM.Collect$$libinit$$00000023  c_p.l(libinit2.o)
    0x0000013e   0x0000013e   0x00000000   Code   RO         1533    .ARM.Collect$$libinit$$00000025  c_p.l(libinit2.o)
    0x0000013e   0x0000013e   0x00000000   Code   RO         1537    .ARM.Collect$$libinit$$0000002C  c_p.l(libinit2.o)
    0x0000013e   0x0000013e   0x00000000   Code   RO         1539    .ARM.Collect$$libinit$$0000002E  c_p.l(libinit2.o)
    0x0000013e   0x0000013e   0x00000000   Code   RO         1541    .ARM.Collect$$libinit$$00000030  c_p.l(libinit2.o)
    0x0000013e   0x0000013e   0x00000000   Code   RO         1543    .ARM.Collect$$libinit$$00000032  c_p.l(libinit2.o)
    0x0000013e   0x0000013e   0x00000002   Code   RO         1544    .ARM.Collect$$libinit$$00000033  c_p.l(libinit2.o)
    0x00000140   0x00000140   0x00000002   Code   RO         1575    .ARM.Collect$$libshutdown$$00000000  c_p.l(libshutdown.o)
    0x00000142   0x00000142   0x00000000   Code   RO         1601    .ARM.Collect$$libshutdown$$00000002  c_p.l(libshutdown2.o)
    0x00000142   0x00000142   0x00000000   Code   RO         1603    .ARM.Collect$$libshutdown$$00000004  c_p.l(libshutdown2.o)
    0x00000142   0x00000142   0x00000000   Code   RO         1605    .ARM.Collect$$libshutdown$$00000006  c_p.l(libshutdown2.o)
    0x00000142   0x00000142   0x00000000   Code   RO         1608    .ARM.Collect$$libshutdown$$00000009  c_p.l(libshutdown2.o)
    0x00000142   0x00000142   0x00000000   Code   RO         1611    .ARM.Collect$$libshutdown$$0000000C  c_p.l(libshutdown2.o)
    0x00000142   0x00000142   0x00000000   Code   RO         1613    .ARM.Collect$$libshutdown$$0000000E  c_p.l(libshutdown2.o)
    0x00000142   0x00000142   0x00000000   Code   RO         1616    .ARM.Collect$$libshutdown$$00000011  c_p.l(libshutdown2.o)
    0x00000142   0x00000142   0x00000002   Code   RO         1617    .ARM.Collect$$libshutdown$$00000012  c_p.l(libshutdown2.o)
    0x00000144   0x00000144   0x00000000   Code   RO         1444    .ARM.Collect$$rtentry$$00000000  c_p.l(__rtentry.o)
    0x00000144   0x00000144   0x00000000   Code   RO         1453    .ARM.Collect$$rtentry$$00000002  c_p.l(__rtentry2.o)
    0x00000144   0x00000144   0x00000006   Code   RO         1465    .ARM.Collect$$rtentry$$00000004  c_p.l(__rtentry4.o)
    0x0000014a   0x0000014a   0x00000000   Code   RO         1455    .ARM.Collect$$rtentry$$00000009  c_p.l(__rtentry2.o)
    0x0000014a   0x0000014a   0x00000004   Code   RO         1456    .ARM.Collect$$rtentry$$0000000A  c_p.l(__rtentry2.o)
    0x0000014e   0x0000014e   0x00000000   Code   RO         1458    .ARM.Collect$$rtentry$$0000000C  c_p.l(__rtentry2.o)
    0x0000014e   0x0000014e   0x00000008   Code   RO         1459    .ARM.Collect$$rtentry$$0000000D  c_p.l(__rtentry2.o)
    0x00000156   0x00000156   0x00000002   Code   RO         1492    .ARM.Collect$$rtexit$$00000000  c_p.l(rtexit.o)
    0x00000158   0x00000158   0x00000000   Code   RO         1548    .ARM.Collect$$rtexit$$00000002  c_p.l(rtexit2.o)
    0x00000158   0x00000158   0x00000004   Code   RO         1549    .ARM.Collect$$rtexit$$00000003  c_p.l(rtexit2.o)
    0x0000015c   0x0000015c   0x00000006   Code   RO         1550    .ARM.Collect$$rtexit$$00000004  c_p.l(rtexit2.o)
    0x00000162   0x00000162   0x00000002   PAD
    0x00000164   0x00000164   0x00000038   Code   RO         1403    .emb_text           c_p.l(rt_memcpy.o)
    0x0000019c   0x0000019c   0x00000044   Code   RO           79    .text               startup_cw32l010.o
    0x000001e0   0x000001e0   0x00000040   Code   RO         1407    .text               c_p.l(rt_memclr.o)
    0x00000220   0x00000220   0x0000015a   Code   RO         1409    .text               c_p.l(aeabi_sdiv.o)
    0x0000037a   0x0000037a   0x00000006   Code   RO         1413    .text               c_p.l(heapauxi.o)
    0x00000380   0x00000380   0x00000160   Code   RO         1433    .text               fz_ps.l(fdiv.o)
    0x000004e0   0x000004e0   0x00000030   Code   RO         1436    .text               fz_ps.l(ffixui.o)
    0x00000510   0x00000510   0x0000005e   Code   RO         1438    .text               fz_ps.l(fflti.o)
    0x0000056e   0x0000056e   0x00000002   PAD
    0x00000570   0x00000570   0x00000044   Code   RO         1442    .text               fz_ps.l(fscalbn.o)
    0x000005b4   0x000005b4   0x0000003e   Code   RO         1473    .text               c_p.l(sys_stackheap_outer.o)
    0x000005f2   0x000005f2   0x00000010   Code   RO         1476    .text               c_p.l(exit.o)
    0x00000602   0x00000602   0x00000002   PAD
    0x00000604   0x00000604   0x00000008   Code   RO         1488    .text               c_p.l(libspace.o)
    0x0000060c   0x0000060c   0x0000000c   Code   RO         1545    .text               c_p.l(sys_exit.o)
    0x00000618   0x00000618   0x00000002   Code   RO         1564    .text               c_p.l(use_no_semi.o)
    0x0000061a   0x0000061a   0x00000000   Code   RO         1566    .text               c_p.l(indicate_semi.o)
    0x0000061a   0x0000061a   0x00000002   PAD
    0x0000061c   0x0000061c   0x0000000c   Code   RO         1042    i.ADC_ClearITPendingAll  cw32l010_adc.o
    0x00000628   0x00000628   0x00000010   Code   RO         1046    i.ADC_Enable        cw32l010_adc.o
    0x00000638   0x00000638   0x00000010   Code   RO         1051    i.ADC_GetSqr0Result  cw32l010_adc.o
    0x00000648   0x00000648   0x00000010   Code   RO         1052    i.ADC_GetSqr1Result  cw32l010_adc.o
    0x00000658   0x00000658   0x00000010   Code   RO         1053    i.ADC_GetSqr2Result  cw32l010_adc.o
    0x00000668   0x00000668   0x00000010   Code   RO         1054    i.ADC_GetSqr3Result  cw32l010_adc.o
    0x00000678   0x00000678   0x00000010   Code   RO         1055    i.ADC_GetSqr4Result  cw32l010_adc.o
    0x00000688   0x00000688   0x00000002   Code   RO          217    i.ADC_IRQHandler    interrupts_cw32l010.o
    0x0000068a   0x0000068a   0x00000002   PAD
    0x0000068c   0x0000068c   0x00000164   Code   RO         1061    i.ADC_Init          cw32l010_adc.o
    0x000007f0   0x000007f0   0x00000050   Code   RO         1063    i.ADC_SoftwareStartConvCmd  cw32l010_adc.o
    0x00000840   0x00000840   0x000000a4   Code   RO          469    i.ADC_init          adc.o
    0x000008e4   0x000008e4   0x00000002   Code   RO          218    i.ATIM_IRQHandler   interrupts_cw32l010.o
    0x000008e6   0x000008e6   0x00000002   PAD
    0x000008e8   0x000008e8   0x00000168   Code   RO           85    i.BTIM1_IRQHandler  main.o
    0x00000a50   0x00000a50   0x00000058   Code   RO           86    i.BTIM1_init        main.o
    0x00000aa8   0x00000aa8   0x00000020   Code   RO           87    i.BTIM2_IRQHandler  main.o
    0x00000ac8   0x00000ac8   0x00000002   Code   RO          219    i.BTIM3_IRQHandler  interrupts_cw32l010.o
    0x00000aca   0x00000aca   0x00000002   PAD
    0x00000acc   0x00000acc   0x00000064   Code   RO          867    i.BTIM_ClearITPendingBit  cw32l010_btim.o
    0x00000b30   0x00000b30   0x00000070   Code   RO          868    i.BTIM_Cmd          cw32l010_btim.o
    0x00000ba0   0x00000ba0   0x00000068   Code   RO          877    i.BTIM_GetITStatus  cw32l010_btim.o
    0x00000c08   0x00000c08   0x00000080   Code   RO          879    i.BTIM_ITConfig     cw32l010_btim.o
    0x00000c88   0x00000c88   0x000000c4   Code   RO          890    i.BTIM_TimeBaseInit  cw32l010_btim.o
    0x00000d4c   0x00000d4c   0x00000124   Code   RO           88    i.Brush             main.o
    0x00000e70   0x00000e70   0x0000001a   Code   RO          375    i.Close_ALL         seg.o
    0x00000e8a   0x00000e8a   0x000000a0   Code   RO          377    i.Display_SEGA      seg.o
    0x00000f2a   0x00000f2a   0x0000009e   Code   RO          378    i.Display_SEGB      seg.o
    0x00000fc8   0x00000fc8   0x0000009e   Code   RO          379    i.Display_SEGC      seg.o
    0x00001066   0x00001066   0x000000a0   Code   RO          380    i.Display_SEGD      seg.o
    0x00001106   0x00001106   0x00000092   Code   RO          381    i.Display_SEGDP     seg.o
    0x00001198   0x00001198   0x000000a2   Code   RO          382    i.Display_SEGE      seg.o
    0x0000123a   0x0000123a   0x0000009c   Code   RO          383    i.Display_SEGF      seg.o
    0x000012d6   0x000012d6   0x0000009c   Code   RO          384    i.Display_SEGG      seg.o
    0x00001372   0x00001372   0x0000003c   Code   RO          385    i.Display_SEGV      seg.o
    0x000013ae   0x000013ae   0x00000002   Code   RO          220    i.FAULT_IRQHandler  interrupts_cw32l010.o
    0x000013b0   0x000013b0   0x00000002   Code   RO          221    i.FLASHRAM_IRQHandler  interrupts_cw32l010.o
    0x000013b2   0x000013b2   0x00000002   Code   RO          222    i.GPIOA_IRQHandler  interrupts_cw32l010.o
    0x000013b4   0x000013b4   0x00000002   Code   RO          223    i.GPIOB_IRQHandler  interrupts_cw32l010.o
    0x000013b6   0x000013b6   0x00000002   PAD
    0x000013b8   0x000013b8   0x00000030   Code   RO           89    i.GPIO_Configuration  main.o
    0x000013e8   0x000013e8   0x000000b4   Code   RO          790    i.GPIO_Init         cw32l010_gpio.o
    0x0000149c   0x0000149c   0x0000000a   Code   RO          792    i.GPIO_ReadPin      cw32l010_gpio.o
    0x000014a6   0x000014a6   0x0000000c   Code   RO          796    i.GPIO_WritePin     cw32l010_gpio.o
    0x000014b2   0x000014b2   0x00000002   Code   RO          224    i.GTIM1_IRQHandler  interrupts_cw32l010.o
    0x000014b4   0x000014b4   0x0000009c   Code   RO         1380    i.GetNTCTable_Temp  ntc.o
    0x00001550   0x00001550   0x00000064   Code   RO          470    i.Get_ADC_Value     adc.o
    0x000015b4   0x000015b4   0x00000002   Code   RO          225    i.HardFault_Handler  interrupts_cw32l010.o
    0x000015b6   0x000015b6   0x00000002   Code   RO          226    i.I2C1_IRQHandler   interrupts_cw32l010.o
    0x000015b8   0x000015b8   0x00000002   Code   RO          227    i.LPTIM_IRQHandler  interrupts_cw32l010.o
    0x000015ba   0x000015ba   0x00000002   Code   RO          228    i.LVD_IRQHandler    interrupts_cw32l010.o
    0x000015bc   0x000015bc   0x00000034   Code   RO           90    i.Mean_Value_Filter  main.o
    0x000015f0   0x000015f0   0x00000002   Code   RO          229    i.NMI_Handler       interrupts_cw32l010.o
    0x000015f2   0x000015f2   0x00000002   Code   RO          230    i.PendSV_Handler    interrupts_cw32l010.o
    0x000015f4   0x000015f4   0x00000002   Code   RO          231    i.RTC_IRQHandler    interrupts_cw32l010.o
    0x000015f6   0x000015f6   0x00000002   Code   RO          232    i.SPI1_IRQHandler   interrupts_cw32l010.o
    0x000015f8   0x000015f8   0x00000002   Code   RO          233    i.SVC_Handler       interrupts_cw32l010.o
    0x000015fa   0x000015fa   0x00000002   PAD
    0x000015fc   0x000015fc   0x00000030   Code   RO           91    i.SYSCTRL_Configuration  main.o
    0x0000162c   0x0000162c   0x00000108   Code   RO          558    i.SYSCTRL_HSI_Enable  cw32l010_sysctrl.o
    0x00001734   0x00001734   0x00000002   Code   RO          234    i.SYSCTRL_IRQHandler  interrupts_cw32l010.o
    0x00001736   0x00001736   0x00000002   PAD
    0x00001738   0x00001738   0x00000028   Code   RO          386    i.Seg_Init          seg.o
    0x00001760   0x00001760   0x00000010   Code   RO         1321    i.SysTick_Handler   cw32l010_systick.o
    0x00001770   0x00001770   0x0000003c   Code   RO            5    i.SystemInit        system_cw32l010.o
    0x000017ac   0x000017ac   0x00000002   Code   RO          235    i.UART1_IRQHandler  interrupts_cw32l010.o
    0x000017ae   0x000017ae   0x00000002   Code   RO          236    i.UART2_IRQHandler  interrupts_cw32l010.o
    0x000017b0   0x000017b0   0x00000002   Code   RO          237    i.VC1_IRQHandler    interrupts_cw32l010.o
    0x000017b2   0x000017b2   0x00000002   Code   RO          238    i.VC2_IRQHandler    interrupts_cw32l010.o
    0x000017b4   0x000017b4   0x000000e8   Code   RO           92    i.Volt_Cal          main.o
    0x0000189c   0x0000189c   0x00000002   Code   RO          239    i.WDT_IRQHandler    interrupts_cw32l010.o
    0x0000189e   0x0000189e   0x0000001a   Code   RO          164    i.__ARM_common_switch8  main.o
    0x000018b8   0x000018b8   0x00000002   Code   RO           93    i.assert_failed     main.o
    0x000018ba   0x000018ba   0x00000002   PAD
    0x000018bc   0x000018bc   0x000000c0   Code   RO           94    i.main              main.o
    0x0000197c   0x0000197c   0x0000008c   Code   RO         1427    x$fpl$fadd          fz_ps.l(faddsub.o)
    0x00001a08   0x00001a08   0x000000b0   Code   RO         1440    x$fpl$fmul          fz_ps.l(fmul.o)
    0x00001ab8   0x00001ab8   0x00000018   Code   RO         1428    x$fpl$frsb          fz_ps.l(faddsub.o)
    0x00001ad0   0x00001ad0   0x000000d0   Code   RO         1429    x$fpl$fsub          fz_ps.l(faddsub.o)
    0x00001ba0   0x00001ba0   0x00000000   Code   RO         1451    x$fpl$usenofp       fz_ps.l(usenofp.o)
    0x00001ba0   0x00001ba0   0x00000194   Data   RO         1381    .constdata          ntc.o
    0x00001d34   0x00001d34   0x00000040   Data   RO         1434    .constdata          fz_ps.l(fdiv.o)
    0x00001d74   0x00001d74   0x00000020   Data   RO         1618    Region$$Table       anon$$obj.o


    Execution Region RW_IRAM1 (Exec base: 0x20000000, Load base: 0x00001d94, Size: 0x000008b8, Max: 0x00002000, ABSOLUTE)

    Exec Addr    Load Addr    Size         Type   Attr      Idx    E Section Name        Object

    0x20000000   0x00001d94   0x00000004   Data   RW            6    .data               system_cw32l010.o
    0x20000004   0x00001d98   0x00000040   Data   RW           95    .data               main.o
    0x20000044   0x00001dd8   0x00000015   Data   RW          387    .data               seg.o
    0x20000059   0x00001ded   0x00000003   Data   RW          388    .data               seg.o
    0x2000005c   0x00001df0   0x00000001   Data   RW          473    .data               adc.o
    0x2000005d   0x00001df1   0x00000003   PAD
    0x20000060   0x00001df4   0x0000000c   Data   RW         1323    .data               cw32l010_systick.o
    0x2000006c        -       0x000003e8   Zero   RW          471    .bss                adc.o
    0x20000454        -       0x00000060   Zero   RW         1489    .bss                c_p.l(libspace.o)
    0x200004b4   0x00001e00   0x00000004   PAD
    0x200004b8        -       0x00000200   Zero   RW           77    HEAP                startup_cw32l010.o
    0x200006b8        -       0x00000200   Zero   RW           76    STACK               startup_cw32l010.o


==============================================================================

Image component sizes


      Code (inc. data)   RO Data    RW Data    ZI Data      Debug   Object Name

       264         26          0          1       1000       2220   adc.o
       544        106          0          0          0       5815   cw32l010_adc.o
       640        220          0          0          0       4083   cw32l010_btim.o
       202         10          0          0          0       2587   cw32l010_gpio.o
       264         58          0          0          0        877   cw32l010_sysctrl.o
        16          4          0         12          0       2041   cw32l010_systick.o
        46          0          0          0          0      11916   interrupts_cw32l010.o
      1372        152          0         64          0      46814   main.o
       156         14        404          0          0       1039   ntc.o
      1382          6          0         24          0       9290   seg.o
        68         32        192          0       1024        712   startup_cw32l010.o
        60         16          0          4          0     109267   system_cw32l010.o

    ----------------------------------------------------------------------
      5028        644        628        108       2024     196661   Object Totals
         0          0         32          0          0          0   (incl. Generated)
        14          0          0          3          0          0   (incl. Padding)

    ----------------------------------------------------------------------

      Code (inc. data)   RO Data    RW Data    ZI Data      Debug   Library Member Name

         8          0          0          0          0         68   __main.o
         0          0          0          0          0          0   __rtentry.o
        12          0          0          0          0          0   __rtentry2.o
         6          0          0          0          0          0   __rtentry4.o
        60          8          0          0          0          0   __scatter.o
        26          0          0          0          0          0   __scatter_copy.o
        28          0          0          0          0          0   __scatter_zi.o
       346          0          0          0          0         92   aeabi_sdiv.o
        16          0          0          0          0         68   exit.o
         6          0          0          0          0        136   heapauxi.o
         0          0          0          0          0          0   indicate_semi.o
         2          0          0          0          0          0   libinit.o
         2          0          0          0          0          0   libinit2.o
         2          0          0          0          0          0   libshutdown.o
         2          0          0          0          0          0   libshutdown2.o
         8          4          0          0         96         68   libspace.o
        64          0          0          0          0        108   rt_memclr.o
        56          0          0          0          0         68   rt_memcpy.o
         2          0          0          0          0          0   rtexit.o
        10          0          0          0          0          0   rtexit2.o
        12          4          0          0          0         60   sys_exit.o
        62          0          0          0          0         80   sys_stackheap_outer.o
         2          0          0          0          0         68   use_no_semi.o
       372          8          0          0          0        240   faddsub.o
       352         10         64          0          0         92   fdiv.o
        48          0          0          0          0         60   ffixui.o
        94          0          0          0          0         92   fflti.o
       176          4          0          0          0         80   fmul.o
        68          4          0          0          0         68   fscalbn.o
         0          0          0          0          0          0   usenofp.o

    ----------------------------------------------------------------------
      1852         42         64          0        100       1448   Library Totals
        10          0          0          0          4          0   (incl. Padding)

    ----------------------------------------------------------------------

      Code (inc. data)   RO Data    RW Data    ZI Data      Debug   Library Name

       732         16          0          0         96        816   c_p.l
      1110         26         64          0          0        632   fz_ps.l

    ----------------------------------------------------------------------
      1852         42         64          0        100       1448   Library Totals

    ----------------------------------------------------------------------

==============================================================================


      Code (inc. data)   RO Data    RW Data    ZI Data      Debug   

      6880        686        692        108       2124     194625   Grand Totals
      6880        686        692        108       2124     194625   ELF Image Totals
      6880        686        692        108          0          0   ROM Totals

==============================================================================

    Total RO  Size (Code + RO Data)                 7572 (   7.39kB)
    Total RW  Size (RW Data + ZI Data)              2232 (   2.18kB)
    Total ROM Size (Code + RO Data + RW Data)       7680 (   7.50kB)

==============================================================================

