Component: ARM Compiler 5.06 update 6 (build 750) Tool: armlink [4d35ed]

==============================================================================

Image Symbol Table

    Local Symbols

    Symbol Name                              Value     Ov Type        Size  Object(Section)

    RESET                                    0x00000000   Section      192  startup_cw32l010.o(RESET)
    ../clib/angel/boardlib.s                 0x00000000   Number         0  boardinit1.o ABSOLUTE
    ../clib/angel/boardlib.s                 0x00000000   Number         0  boardinit2.o ABSOLUTE
    ../clib/angel/boardlib.s                 0x00000000   Number         0  boardinit3.o ABSOLUTE
    ../clib/angel/boardlib.s                 0x00000000   Number         0  boardshut.o ABSOLUTE
    ../clib/angel/handlers.s                 0x00000000   Number         0  __scatter_zi.o ABSOLUTE
    ../clib/angel/handlers.s                 0x00000000   Number         0  __scatter_copy.o ABSOLUTE
    ../clib/angel/kernel.s                   0x00000000   Number         0  __rtentry2.o ABSOLUTE
    ../clib/angel/kernel.s                   0x00000000   Number         0  rtexit2.o ABSOLUTE
    ../clib/angel/kernel.s                   0x00000000   Number         0  rtexit.o ABSOLUTE
    ../clib/angel/kernel.s                   0x00000000   Number         0  __rtentry.o ABSOLUTE
    ../clib/angel/kernel.s                   0x00000000   Number         0  __rtentry4.o ABSOLUTE
    ../clib/angel/rt.s                       0x00000000   Number         0  aeabi_ldiv0.o ABSOLUTE
    ../clib/angel/rt.s                       0x00000000   Number         0  rt_locale.o ABSOLUTE
    ../clib/angel/rt.s                       0x00000000   Number         0  aeabi_idiv0.o ABSOLUTE
    ../clib/angel/rt.s                       0x00000000   Number         0  rt_raise.o ABSOLUTE
    ../clib/angel/rt.s                       0x00000000   Number         0  rt_locale_intlibspace.o ABSOLUTE
    ../clib/angel/rt.s                       0x00000000   Number         0  aeabi_idiv0_sigfpe.o ABSOLUTE
    ../clib/angel/rt.s                       0x00000000   Number         0  rt_div0.o ABSOLUTE
    ../clib/angel/rt.s                       0x00000000   Number         0  aeabi_ldiv0_sigfpe.o ABSOLUTE
    ../clib/angel/scatterp.s                 0x00000000   Number         0  __scatter.o ABSOLUTE
    ../clib/angel/startup.s                  0x00000000   Number         0  __main.o ABSOLUTE
    ../clib/angel/sys.s                      0x00000000   Number         0  use_no_semi.o ABSOLUTE
    ../clib/angel/sys.s                      0x00000000   Number         0  indicate_semi.o ABSOLUTE
    ../clib/angel/sys.s                      0x00000000   Number         0  libspace.o ABSOLUTE
    ../clib/angel/sys.s                      0x00000000   Number         0  sys_stackheap_outer.o ABSOLUTE
    ../clib/angel/sys.s                      0x00000000   Number         0  tempstk.o ABSOLUTE
    ../clib/angel/sysapp.c                   0x00000000   Number         0  sys_wrch.o ABSOLUTE
    ../clib/angel/sysapp.c                   0x00000000   Number         0  sys_command.o ABSOLUTE
    ../clib/angel/sysapp.c                   0x00000000   Number         0  sys_exit.o ABSOLUTE
    ../clib/armsys.c                         0x00000000   Number         0  argv_veneer.o ABSOLUTE
    ../clib/armsys.c                         0x00000000   Number         0  _get_argv_nomalloc.o ABSOLUTE
    ../clib/armsys.c                         0x00000000   Number         0  no_argv.o ABSOLUTE
    ../clib/bigflt.c                         0x00000000   Number         0  bigflt0.o ABSOLUTE
    ../clib/btod.c                           0x00000000   Number         0  btod.o ABSOLUTE
    ../clib/division.c                       0x00000000   Number         0  lludiv.o ABSOLUTE
    ../clib/division.c                       0x00000000   Number         0  rtudiv10.o ABSOLUTE
    ../clib/division.c                       0x00000000   Number         0  lludiv10.o ABSOLUTE
    ../clib/division.c                       0x00000000   Number         0  llsdiv.o ABSOLUTE
    ../clib/division.s                       0x00000000   Number         0  aeabi_sdiv.o ABSOLUTE
    ../clib/division.s                       0x00000000   Number         0  aeabi_sdiv_div0.o ABSOLUTE
    ../clib/heapalloc.c                      0x00000000   Number         0  hrguard.o ABSOLUTE
    ../clib/heapaux.c                        0x00000000   Number         0  heapauxi.o ABSOLUTE
    ../clib/libinit.s                        0x00000000   Number         0  libinit2.o ABSOLUTE
    ../clib/libinit.s                        0x00000000   Number         0  libinit.o ABSOLUTE
    ../clib/libinit.s                        0x00000000   Number         0  libshutdown2.o ABSOLUTE
    ../clib/libinit.s                        0x00000000   Number         0  libshutdown.o ABSOLUTE
    ../clib/locale.s                         0x00000000   Number         0  lc_numeric_c.o ABSOLUTE
[...]
    ../clib/printf.c                         0x00000000   Number         0  _printf_dec.o ABSOLUTE
    ../clib/printf.c                         0x00000000   Number         0  _printf_char_common.o ABSOLUTE
    ../clib/printf.c                         0x00000000   Number         0  _printf_fp_dec.o ABSOLUTE
    ../clib/printf.c                         0x00000000   Number         0  __printf_flags.o ABSOLUTE
    ../clib/printf.c                         0x00000000   Number         0  __printf_ss.o ABSOLUTE
    ../clib/printf.c                         0x00000000   Number         0  __printf_flags_ss.o ABSOLUTE
    ../clib/printf.c                         0x00000000   Number         0  __printf_wp.o ABSOLUTE
    ../clib/printf.c                         0x00000000   Number         0  _printf_intcommon.o ABSOLUTE
    ../clib/printf.c                         0x00000000   Number         0  __printf.o ABSOLUTE
    ../clib/printf.c                         0x00000000   Number         0  noretval__2sprintf.o ABSOLUTE
    ../clib/printf.c                         0x00000000   Number         0  __printf_ss_wp.o ABSOLUTE
    ../clib/printf.c                         0x00000000   Number         0  __printf_flags_ss_wp.o ABSOLUTE
    ../clib/printf.c                         0x00000000   Number         0  __2sprintf.o ABSOLUTE
    ../clib/printf.c                         0x00000000   Number         0  _sputc.o ABSOLUTE
    ../clib/printf.c                         0x00000000   Number         0  _printf_fp_infnan.o ABSOLUTE
    ../clib/printf.c                         0x00000000   Number         0  __printf_nopercent.o ABSOLUTE
    ../clib/printf_percent.s                 0x00000000   Number         0  _printf_g.o ABSOLUTE
    ../clib/printf_percent.s                 0x00000000   Number         0  _printf_a.o ABSOLUTE
    ../clib/printf_percent.s                 0x00000000   Number         0  _printf_d.o ABSOLUTE
    ../clib/printf_percent.s                 0x00000000   Number         0  _printf_f.o ABSOLUTE
    ../clib/printf_percent.s                 0x00000000   Number         0  _printf_percent.o ABSOLUTE
    ../clib/printf_percent.s                 0x00000000   Number         0  _printf_e.o ABSOLUTE
    ../clib/printf_percent.s                 0x00000000   Number         0  _printf_percent_end.o ABSOLUTE
    ../clib/signal.c                         0x00000000   Number         0  defsig_segv_inner.o ABSOLUTE
    ../clib/signal.c                         0x00000000   Number         0  __raise.o ABSOLUTE
    ../clib/signal.c                         0x00000000   Number         0  defsig_fpe_outer.o ABSOLUTE
    ../clib/signal.c                         0x00000000   Number         0  defsig_general.o ABSOLUTE
    ../clib/signal.c                         0x00000000   Number         0  defsig_abrt_inner.o ABSOLUTE
    ../clib/signal.c                         0x00000000   Number         0  defsig_rtmem_formal.o ABSOLUTE
    ../clib/signal.c                         0x00000000   Number         0  defsig_rtmem_outer.o ABSOLUTE
    ../clib/signal.c                         0x00000000   Number         0  defsig_rtred_inner.o ABSOLUTE
    ../clib/signal.c                         0x00000000   Number         0  defsig_other.o ABSOLUTE
    ../clib/signal.c                         0x00000000   Number         0  defsig_pvfn_inner.o ABSOLUTE
    ../clib/signal.c                         0x00000000   Number         0  defsig_exit.o ABSOLUTE
    ../clib/signal.c                         0x00000000   Number         0  defsig_cppl_inner.o ABSOLUTE
    ../clib/signal.c                         0x00000000   Number         0  defsig_fpe_formal.o ABSOLUTE
    ../clib/signal.c                         0x00000000   Number         0  defsig_fpe_inner.o ABSOLUTE
    ../clib/signal.c                         0x00000000   Number         0  defsig_stak_inner.o ABSOLUTE
    ../clib/signal.c                         0x00000000   Number         0  defsig_rtmem_inner.o ABSOLUTE
    ../clib/signal.s                         0x00000000   Number         0  defsig.o ABSOLUTE
    ../clib/stdlib.c                         0x00000000   Number         0  exit.o ABSOLUTE
    ../clib/string.c                         0x00000000   Number         0  strcmp.o ABSOLUTE
    ../fplib/cfplib/d2f.c                    0x00000000   Number         0  d2f.o ABSOLUTE
    ../fplib/cfplib/daddsub.c                0x00000000   Number         0  daddsub.o ABSOLUTE
    ../fplib/cfplib/dmul.c                   0x00000000   Number         0  dmul.o ABSOLUTE
    ../fplib/cfplib/f2d.c                    0x00000000   Number         0  f2d.o ABSOLUTE
    ../fplib/cfplib/fdiv.c                   0x00000000   Number         0  fdiv.o ABSOLUTE
    ../fplib/cfplib/ffix.c                   0x00000000   Number         0  ffixui.o ABSOLUTE
    ../fplib/cfplib/fflt.c                   0x00000000   Number         0  fflti.o ABSOLUTE
    ../fplib/cfplib/fflt.c                   0x00000000   Number         0  dflti.o ABSOLUTE
    ../fplib/cfplib/fpinit.c                 0x00000000   Number         0  fpinit.o ABSOLUTE
    ../fplib/cfplib/ieee_status.c            0x00000000   Number         0  ieee_status.o ABSOLUTE
    ../fplib/cfplib/scalbn.c                 0x00000000   Number         0  fscalbn.o ABSOLUTE
    ../fplib/faddsub6m.s                     0x00000000   Number         0  faddsub.o ABSOLUTE
    ../fplib/fmul6m.s                        0x00000000   Number         0  fmul.o ABSOLUTE
    ../fplib/printf1.s                       0x00000000   Number         0  printf1.o ABSOLUTE
    ../fplib/printf2.s                       0x00000000   Number         0  printf2.o ABSOLUTE
    ../fplib/printf2a.s                      0x00000000   Number         0  printf2a.o ABSOLUTE
    ../fplib/printf2b.s                      0x00000000   Number         0  printf2b.o ABSOLUTE
    ../fplib/usenofp.s                       0x00000000   Number         0  usenofp.o ABSOLUTE
    ../mathlib/fpclassify.c                  0x00000000   Number         0  fpclassify.o ABSOLUTE
    ..\..\IDEsupport\MDK\startup_cw32l010.s  0x00000000   Number         0  startup_cw32l010.o ABSOLUTE
    ..\..\Libraries\src\cw32l010_adc.c       0x00000000   Number         0  cw32l010_adc.o ABSOLUTE
    ..\..\Libraries\src\cw32l010_btim.c      0x00000000   Number         0  cw32l010_btim.o ABSOLUTE
    ..\..\Libraries\src\cw32l010_flash.c     0x00000000   Number         0  cw32l010_flash.o ABSOLUTE
    ..\..\Libraries\src\cw32l010_gpio.c      0x00000000   Number         0  cw32l010_gpio.o ABSOLUTE
    ..\..\Libraries\src\cw32l010_spi.c       0x00000000   Number         0  cw32l010_spi.o ABSOLUTE
    ..\..\Libraries\src\cw32l010_sysctrl.c   0x00000000   Number         0  cw32l010_sysctrl.o ABSOLUTE
    ..\..\Libraries\src\cw32l010_systick.c   0x00000000   Number         0  cw32l010_systick.o ABSOLUTE
    ..\..\Libraries\src\system_cw32l010.c    0x00000000   Number         0  system_cw32l010.o ABSOLUTE
    ..\GUI\lcd.c                             0x00000000   Number         0  lcd.o ABSOLUTE
    ..\GUI\lcd_drive\lcd_init.c              0x00000000   Number         0  lcd_init.o ABSOLUTE
    ..\GUI\ntc.c                             0x00000000   Number         0  ntc.o ABSOLUTE
    ..\GUI\timer.c                           0x00000000   Number         0  timer.o ABSOLUTE
    ..\USER\src\ADC.C                        0x00000000   Number         0  adc.o ABSOLUTE
    ..\USER\src\flash.c                      0x00000000   Number         0  flash.o ABSOLUTE
    ..\USER\src\interrupts_cw32l010.c        0x00000000   Number         0  interrupts_cw32l010.o ABSOLUTE
    ..\USER\src\main.c                       0x00000000   Number         0  main.o ABSOLUTE
    ..\\..\\Libraries\\src\\cw32l010_adc.c   0x00000000   Number         0  cw32l010_adc.o ABSOLUTE
    ..\\..\\Libraries\\src\\cw32l010_btim.c  0x00000000   Number         0  cw32l010_btim.o ABSOLUTE
    ..\\..\\Libraries\\src\\cw32l010_flash.c 0x00000000   Number         0  cw32l010_flash.o ABSOLUTE
    ..\\..\\Libraries\\src\\cw32l010_gpio.c  0x00000000   Number         0  cw32l010_gpio.o ABSOLUTE
    ..\\..\\Libraries\\src\\cw32l010_spi.c   0x00000000   Number         0  cw32l010_spi.o ABSOLUTE
    ..\\..\\Libraries\\src\\cw32l010_sysctrl.c 0x00000000   Number         0  cw32l010_sysctrl.o ABSOLUTE
    ..\\..\\Libraries\\src\\cw32l010_systick.c 0x00000000   Number         0  cw32l010_systick.o ABSOLUTE
    ..\\..\\Libraries\\src\\system_cw32l010.c 0x00000000   Number         0  system_cw32l010.o ABSOLUTE
    ..\\GUI\\lcd.c                           0x00000000   Number         0  lcd.o ABSOLUTE
    ..\\GUI\\lcd_drive\\lcd_init.c           0x00000000   Number         0  lcd_init.o ABSOLUTE
    ..\\GUI\\ntc.c                           0x00000000   Number         0  ntc.o ABSOLUTE
    ..\\GUI\\timer.c                         0x00000000   Number         0  timer.o ABSOLUTE
    ..\\USER\\src\\ADC.C                     0x00000000   Number         0  adc.o ABSOLUTE
    ..\\USER\\src\\flash.c                   0x00000000   Number         0  flash.o ABSOLUTE
    ..\\USER\\src\\interrupts_cw32l010.c     0x00000000   Number         0  interrupts_cw32l010.o ABSOLUTE
    ..\\USER\\src\\main.c                    0x00000000   Number         0  main.o ABSOLUTE
    dc.s                                     0x00000000   Number         0  dc.o ABSOLUTE
    !!!main                                  0x000000c0   Section        8  __main.o(!!!main)
    !!!scatter                               0x000000c8   Section       60  __scatter.o(!!!scatter)
    !!handler_copy                           0x00000104   Section       26  __scatter_copy.o(!!handler_copy)
    !!handler_zi                             0x00000120   Section       28  __scatter_zi.o(!!handler_zi)
    .ARM.Collect$$_printf_percent$$00000000  0x0000013c   Section        2  _printf_percent.o(.ARM.Collect$$_printf_percent$$00000000)
    .ARM.Collect$$_printf_percent$$00000003  0x0000013e   Section       10  _printf_f.o(.ARM.Collect$$_printf_percent$$00000003)
    .ARM.Collect$$_printf_percent$$00000004  0x00000148   Section       10  _printf_e.o(.ARM.Collect$$_printf_percent$$00000004)
    .ARM.Collect$$_printf_percent$$00000005  0x00000152   Section       10  _printf_g.o(.ARM.Collect$$_printf_percent$$00000005)
    .ARM.Collect$$_printf_percent$$00000006  0x0000015c   Section       10  _printf_a.o(.ARM.Collect$$_printf_percent$$00000006)
    .ARM.Collect$$_printf_percent$$00000009  0x00000166   Section       10  _printf_d.o(.ARM.Collect$$_printf_percent$$00000009)
    .ARM.Collect$$_printf_percent$$00000017  0x00000170   Section        4  _printf_percent_end.o(.ARM.Collect$$_printf_percent$$00000017)
    .ARM.Collect$$libinit$$00000000          0x00000174   Section        2  libinit.o(.ARM.Collect$$libinit$$00000000)
    .ARM.Collect$$libinit$$00000002          0x00000176   Section        0  libinit2.o(.ARM.Collect$$libinit$$00000002)
    .ARM.Collect$$libinit$$00000004          0x00000176   Section        0  libinit2.o(.ARM.Collect$$libinit$$00000004)
    .ARM.Collect$$libinit$$0000000A          0x00000176   Section        0  libinit2.o(.ARM.Collect$$libinit$$0000000A)
    .ARM.Collect$$libinit$$0000000C          0x00000176   Section        0  libinit2.o(.ARM.Collect$$libinit$$0000000C)
    .ARM.Collect$$libinit$$0000000E          0x00000176   Section        0  libinit2.o(.ARM.Collect$$libinit$$0000000E)
    .ARM.Collect$$libinit$$0000000F          0x00000176   Section        6  libinit2.o(.ARM.Collect$$libinit$$0000000F)
    .ARM.Collect$$libinit$$00000011          0x0000017c   Section        0  libinit2.o(.ARM.Collect$$libinit$$00000011)
    .ARM.Collect$$libinit$$00000013          0x0000017c   Section        0  libinit2.o(.ARM.Collect$$libinit$$00000013)
    .ARM.Collect$$libinit$$00000015          0x0000017c   Section        0  libinit2.o(.ARM.Collect$$libinit$$00000015)
    .ARM.Collect$$libinit$$00000016          0x0000017c   Section       10  libinit2.o(.ARM.Collect$$libinit$$00000016)
    .ARM.Collect$$libinit$$00000017          0x00000186   Section        0  libinit2.o(.ARM.Collect$$libinit$$00000017)
    .ARM.Collect$$libinit$$00000019          0x00000186   Section        0  libinit2.o(.ARM.Collect$$libinit$$00000019)
    .ARM.Collect$$libinit$$0000001B          0x00000186   Section        0  libinit2.o(.ARM.Collect$$libinit$$0000001B)
    .ARM.Collect$$libinit$$0000001D          0x00000186   Section        0  libinit2.o(.ARM.Collect$$libinit$$0000001D)
    .ARM.Collect$$libinit$$0000001F          0x00000186   Section        0  libinit2.o(.ARM.Collect$$libinit$$0000001F)
    .ARM.Collect$$libinit$$00000021          0x00000186   Section        0  libinit2.o(.ARM.Collect$$libinit$$00000021)
    .ARM.Collect$$libinit$$00000023          0x00000186   Section        0  libinit2.o(.ARM.Collect$$libinit$$00000023)
    .ARM.Collect$$libinit$$00000025          0x00000186   Section        0  libinit2.o(.ARM.Collect$$libinit$$00000025)
    .ARM.Collect$$libinit$$0000002C          0x00000186   Section        0  libinit2.o(.ARM.Collect$$libinit$$0000002C)
    .ARM.Collect$$libinit$$0000002E          0x00000186   Section        0  libinit2.o(.ARM.Collect$$libinit$$0000002E)
    .ARM.Collect$$libinit$$00000030          0x00000186   Section        0  libinit2.o(.ARM.Collect$$libinit$$00000030)
    .ARM.Collect$$libinit$$00000032          0x00000186   Section        0  libinit2.o(.ARM.Collect$$libinit$$00000032)
    .ARM.Collect$$libinit$$00000033          0x00000186   Section        2  libinit2.o(.ARM.Collect$$libinit$$00000033)
    .ARM.Collect$$libshutdown$$00000000      0x00000188   Section        2  libshutdown.o(.ARM.Collect$$libshutdown$$00000000)
    .ARM.Collect$$libshutdown$$00000002      0x0000018a   Section        0  libshutdown2.o(.ARM.Collect$$libshutdown$$00000002)
    .ARM.Collect$$libshutdown$$00000004      0x0000018a   Section        0  libshutdown2.o(.ARM.Collect$$libshutdown$$00000004)
    .ARM.Collect$$libshutdown$$00000007      0x0000018a   Section        0  libshutdown2.o(.ARM.Collect$$libshutdown$$00000007)
    .ARM.Collect$$libshutdown$$0000000A      0x0000018a   Section        0  libshutdown2.o(.ARM.Collect$$libshutdown$$0000000A)
    .ARM.Collect$$libshutdown$$0000000C      0x0000018a   Section        0  libshutdown2.o(.ARM.Collect$$libshutdown$$0000000C)
    .ARM.Collect$$libshutdown$$0000000F      0x0000018a   Section        0  libshutdown2.o(.ARM.Collect$$libshutdown$$0000000F)
    .ARM.Collect$$libshutdown$$00000010      0x0000018a   Section        2  libshutdown2.o(.ARM.Collect$$libshutdown$$00000010)
    .ARM.Collect$$rtentry$$00000000          0x0000018c   Section        0  __rtentry.o(.ARM.Collect$$rtentry$$00000000)
    .ARM.Collect$$rtentry$$00000002          0x0000018c   Section        0  __rtentry2.o(.ARM.Collect$$rtentry$$00000002)
    .ARM.Collect$$rtentry$$00000004          0x0000018c   Section        6  __rtentry4.o(.ARM.Collect$$rtentry$$00000004)
    .ARM.Collect$$rtentry$$00000009          0x00000192   Section        0  __rtentry2.o(.ARM.Collect$$rtentry$$00000009)
    .ARM.Collect$$rtentry$$0000000A          0x00000192   Section        4  __rtentry2.o(.ARM.Collect$$rtentry$$0000000A)
    .ARM.Collect$$rtentry$$0000000C          0x00000196   Section        0  __rtentry2.o(.ARM.Collect$$rtentry$$0000000C)
    .ARM.Collect$$rtentry$$0000000D          0x00000196   Section        8  __rtentry2.o(.ARM.Collect$$rtentry$$0000000D)
    .ARM.Collect$$rtexit$$00000000           0x0000019e   Section        2  rtexit.o(.ARM.Collect$$rtexit$$00000000)
    .ARM.Collect$$rtexit$$00000002           0x000001a0   Section        0  rtexit2.o(.ARM.Collect$$rtexit$$00000002)
    .ARM.Collect$$rtexit$$00000003           0x000001a0   Section        4  rtexit2.o(.ARM.Collect$$rtexit$$00000003)
    .ARM.Collect$$rtexit$$00000004           0x000001a4   Section        6  rtexit2.o(.ARM.Collect$$rtexit$$00000004)
    .emb_text                                0x000001ac   Section       56  rt_memcpy.o(.emb_text)
    .text                                    0x000001e4   Section       68  startup_cw32l010.o(.text)
    .text                                    0x00000228   Section        0  noretval__2sprintf.o(.text)
    .text                                    0x00000250   Section        0  _printf_pad.o(.text)
    .text                                    0x000002a0   Section        0  _printf_dec.o(.text)
    .text                                    0x0000030c   Section        0  __printf_flags_ss_wp.o(.text)
    .text                                    0x00000494   Section        0  rt_memclr.o(.text)
    .text                                    0x000004d4   Section      346  aeabi_sdiv.o(.text)
    .text                                    0x0000062e   Section        0  heapauxi.o(.text)
    .text                                    0x00000634   Section        0  f2d.o(.text)
    .text                                    0x00000688   Section        0  fdiv.o(.text)
    .text                                    0x000007e8   Section        0  ffixui.o(.text)
    .text                                    0x00000818   Section        0  fflti.o(.text)
    .text                                    0x00000878   Section        0  fscalbn.o(.text)
    .text                                    0x000008bc   Section        0  _printf_intcommon.o(.text)
    .text                                    0x0000096c   Section        0  _printf_fp_dec.o(.text)
    _fp_digits                               0x0000096f   Thumb Code   412  _printf_fp_dec.o(.text)
    .text                                    0x00000d84   Section        0  _printf_fp_hex.o(.text)
    .text                                    0x0000105c   Section        0  _printf_char_common.o(.text)
    _printf_input_char                       0x0000105d   Thumb Code    10  _printf_char_common.o(.text)
    .text                                    0x0000108c   Section        0  _sputc.o(.text)
    .text                                    0x00001096   Section        0  rtudiv10.o(.text)
    .text                                    0x000010c0   Section        8  rt_locale_intlibspace.o(.text)
    .text                                    0x000010c8   Section        0  lludiv10.o(.text)
    .text                                    0x00001144   Section        0  _printf_fp_infnan.o(.text)
    .text                                    0x000011cc   Section        0  bigflt0.o(.text)
    .text                                    0x000012a4   Section        0  btod.o(.text)
    btod_internal_mul                        0x000012e5   Thumb Code   492  btod.o(.text)
    btod_internal_div                        0x000014d1   Thumb Code   520  btod.o(.text)
    .text                                    0x00001824   Section        8  libspace.o(.text)
    .text                                    0x0000182c   Section       62  sys_stackheap_outer.o(.text)
    .text                                    0x0000186a   Section        0  exit.o(.text)
    .text                                    0x0000187c   Section        0  strcmp.o(.text)
    .text                                    0x00001904   Section        0  sys_exit.o(.text)
    .text                                    0x00001910   Section        2  use_no_semi.o(.text)
    .text                                    0x00001912   Section        0  indicate_semi.o(.text)
    i.ADC_ClearITPendingAll                  0x00001914   Section        0  cw32l010_adc.o(i.ADC_ClearITPendingAll)
    i.ADC_Enable                             0x00001920   Section        0  cw32l010_adc.o(i.ADC_Enable)
    i.ADC_GetSqr0Result                      0x00001930   Section        0  cw32l010_adc.o(i.ADC_GetSqr0Result)
    i.ADC_GetSqr1Result                      0x00001940   Section        0  cw32l010_adc.o(i.ADC_GetSqr1Result)
    i.ADC_GetSqr2Result                      0x00001950   Section        0  cw32l010_adc.o(i.ADC_GetSqr2Result)
    i.ADC_GetSqr3Result                      0x00001960   Section        0  cw32l010_adc.o(i.ADC_GetSqr3Result)
    i.ADC_GetSqr4Result                      0x00001970   Section        0  cw32l010_adc.o(i.ADC_GetSqr4Result)
    i.ADC_IRQHandler                         0x00001980   Section        0  interrupts_cw32l010.o(i.ADC_IRQHandler)
    i.ADC_Init                               0x00001984   Section        0  cw32l010_adc.o(i.ADC_Init)
    i.ADC_SoftwareStartConvCmd               0x00001ae8   Section        0  cw32l010_adc.o(i.ADC_SoftwareStartConvCmd)
    i.ADC_init                               0x00001b38   Section        0  adc.o(i.ADC_init)
    i.ATIM_IRQHandler                        0x00001be0   Section        0  interrupts_cw32l010.o(i.ATIM_IRQHandler)
    i.BTIM1_IRQHandler                       0x00001be4   Section        0  main.o(i.BTIM1_IRQHandler)
    i.BTIM1_init                             0x00001c40   Section        0  main.o(i.BTIM1_init)
    i.BTIM2_IRQHandler                       0x00001c98   Section        0  timer.o(i.BTIM2_IRQHandler)
    i.BTIM3_IRQHandler                       0x00001cc4   Section        0  interrupts_cw32l010.o(i.BTIM3_IRQHandler)
    i.BTIM_ClearITPendingBit                 0x00001cc8   Section        0  cw32l010_btim.o(i.BTIM_ClearITPendingBit)
    i.BTIM_Cmd                               0x00001d2c   Section        0  cw32l010_btim.o(i.BTIM_Cmd)
    i.BTIM_GetITStatus                       0x00001d9c   Section        0  cw32l010_btim.o(i.BTIM_GetITStatus)
    i.BTIM_ITConfig                          0x00001e04   Section        0  cw32l010_btim.o(i.BTIM_ITConfig)
    i.BTIM_TimeBaseInit                      0x00001e84   Section        0  cw32l010_btim.o(i.BTIM_TimeBaseInit)
    i.Draw_Circle                            0x00001f48   Section        0  lcd.o(i.Draw_Circle)
    i.FAULT_IRQHandler                       0x00001ff4   Section        0  interrupts_cw32l010.o(i.FAULT_IRQHandler)
    i.FLASHRAM_IRQHandler                    0x00001ff6   Section        0  interrupts_cw32l010.o(i.FLASHRAM_IRQHandler)
    i.FirmwareDelay                          0x00001ff8   Section        0  system_cw32l010.o(i.FirmwareDelay)
    i.GPIOA_IRQHandler                       0x00002008   Section        0  interrupts_cw32l010.o(i.GPIOA_IRQHandler)
    i.GPIOB_IRQHandler                       0x0000200a   Section        0  interrupts_cw32l010.o(i.GPIOB_IRQHandler)
    i.GPIO_Configuration                     0x0000200c   Section        0  main.o(i.GPIO_Configuration)
    i.GPIO_Init                              0x00002064   Section        0  cw32l010_gpio.o(i.GPIO_Init)
    i.GPIO_ReadPin                           0x00002118   Section        0  cw32l010_gpio.o(i.GPIO_ReadPin)
    i.GPIO_WritePin                          0x00002122   Section        0  cw32l010_gpio.o(i.GPIO_WritePin)
    i.GTIM1_IRQHandler                       0x0000212e   Section        0  interrupts_cw32l010.o(i.GTIM1_IRQHandler)
    i.GetNTCTable_Temp                       0x00002130   Section        0  ntc.o(i.GetNTCTable_Temp)
    i.Get_ADC_Value                          0x000021cc   Section        0  adc.o(i.Get_ADC_Value)
    i.HardFault_Handler                      0x00002230   Section        0  interrupts_cw32l010.o(i.HardFault_Handler)
    i.I2C1_IRQHandler                        0x00002232   Section        0  interrupts_cw32l010.o(i.I2C1_IRQHandler)
    i.InitTick                               0x00002234   Section        0  cw32l010_systick.o(i.InitTick)
    i.LCD_Address_Set                        0x0000228c   Section        0  lcd_init.o(i.LCD_Address_Set)
    i.LCD_DrawPoint                          0x000022c6   Section        0  lcd.o(i.LCD_DrawPoint)
    i.LCD_Fill                               0x000022da   Section        0  lcd.o(i.LCD_Fill)
    i.LCD_GPIO_Init                          0x000022fc   Section        0  lcd_init.o(i.LCD_GPIO_Init)
    i.LCD_Init                               0x00002398   Section        0  lcd_init.o(i.LCD_Init)
    i.LCD_ShowChar                           0x000025b4   Section        0  lcd.o(i.LCD_ShowChar)
    i.LCD_ShowPicture                        0x000026a8   Section        0  lcd.o(i.LCD_ShowPicture)
    i.LCD_ShowString                         0x000026f8   Section        0  lcd.o(i.LCD_ShowString)
    i.LCD_WR_DATA                            0x0000272c   Section        0  lcd_init.o(i.LCD_WR_DATA)
    i.LCD_WR_DATA16_N                        0x00002754   Section        0  lcd_init.o(i.LCD_WR_DATA16_N)
    i.LCD_WR_DATA8                           0x000027b4   Section        0  lcd_init.o(i.LCD_WR_DATA8)
    i.LCD_WR_REG                             0x000027d8   Section        0  lcd_init.o(i.LCD_WR_REG)
    i.LCD_Writ_Bus                           0x00002814   Section        0  lcd_init.o(i.LCD_Writ_Bus)
    i.LPTIM_IRQHandler                       0x00002844   Section        0  interrupts_cw32l010.o(i.LPTIM_IRQHandler)
    i.LVD_IRQHandler                         0x00002846   Section        0  interrupts_cw32l010.o(i.LVD_IRQHandler)
    i.Mean_Value_Filter                      0x00002848   Section        0  main.o(i.Mean_Value_Filter)
    i.NMI_Handler                            0x0000287c   Section        0  interrupts_cw32l010.o(i.NMI_Handler)
    i.PendSV_Handler                         0x0000287e   Section        0  interrupts_cw32l010.o(i.PendSV_Handler)
    i.RTC_IRQHandler                         0x00002880   Section        0  interrupts_cw32l010.o(i.RTC_IRQHandler)
    i.SPI1_IRQHandler                        0x00002882   Section        0  interrupts_cw32l010.o(i.SPI1_IRQHandler)
    i.SPI_Cmd                                0x00002884   Section        0  cw32l010_spi.o(i.SPI_Cmd)
    i.SPI_GetFlagStatus                      0x000028e0   Section        0  cw32l010_spi.o(i.SPI_GetFlagStatus)
    i.SPI_Init                               0x0000293c   Section        0  cw32l010_spi.o(i.SPI_Init)
    i.SPI_NSSInternalSoftwareConfig          0x00002adc   Section        0  cw32l010_spi.o(i.SPI_NSSInternalSoftwareConfig)
    i.SPI_SendData                           0x00002b30   Section        0  cw32l010_spi.o(i.SPI_SendData)
    i.SVC_Handler                            0x00002b70   Section        0  interrupts_cw32l010.o(i.SVC_Handler)
    i.SYSCTRL_APBPeriphClk_Enable1           0x00002b74   Section        0  cw32l010_sysctrl.o(i.SYSCTRL_APBPeriphClk_Enable1)
    i.SYSCTRL_Configuration                  0x00002bd8   Section        0  main.o(i.SYSCTRL_Configuration)
    i.SYSCTRL_HSI_Enable                     0x00002c08   Section        0  cw32l010_sysctrl.o(i.SYSCTRL_HSI_Enable)
    i.SYSCTRL_IRQHandler                     0x00002d10   Section        0  interrupts_cw32l010.o(i.SYSCTRL_IRQHandler)
    i.Show_Chinese                           0x00002d14   Section        0  lcd.o(i.Show_Chinese)
    i.SysTick_Handler                        0x00002dbc   Section        0  cw32l010_systick.o(i.SysTick_Handler)
    i.SystemInit                             0x00002dcc   Section        0  system_cw32l010.o(i.SystemInit)
    i.Timer2_Enable                          0x00002e08   Section        0  timer.o(i.Timer2_Enable)
    i.Timer2_Init                            0x00002e1c   Section        0  timer.o(i.Timer2_Init)
    i.UART1_IRQHandler                       0x00002e70   Section        0  interrupts_cw32l010.o(i.UART1_IRQHandler)
    i.UART2_IRQHandler                       0x00002e72   Section        0  interrupts_cw32l010.o(i.UART2_IRQHandler)
    i.VC1_IRQHandler                         0x00002e74   Section        0  interrupts_cw32l010.o(i.VC1_IRQHandler)
    i.VC2_IRQHandler                         0x00002e76   Section        0  interrupts_cw32l010.o(i.VC2_IRQHandler)
    i.Volt_Cal                               0x00002e78   Section        0  main.o(i.Volt_Cal)
    i.WDT_IRQHandler                         0x00002f5c   Section        0  interrupts_cw32l010.o(i.WDT_IRQHandler)
    i.__ARM_common_ll_muluu                  0x00002f5e   Section        0  btod.o(i.__ARM_common_ll_muluu)
    i.__ARM_fpclassify                       0x00002f90   Section        0  fpclassify.o(i.__ARM_fpclassify)
    i.__NVIC_SetPriority                     0x00002fbc   Section        0  cw32l010_systick.o(i.__NVIC_SetPriority)
    __NVIC_SetPriority                       0x00002fbd   Thumb Code    60  cw32l010_systick.o(i.__NVIC_SetPriority)
    i._is_digit                              0x00003000   Section        0  __printf_wp.o(i._is_digit)
    i.assert_failed                          0x0000300e   Section        0  main.o(i.assert_failed)
    i.main                                   0x00003010   Section        0  main.o(i.main)
    locale$$code                             0x00003794   Section       44  lc_numeric_c.o(locale$$code)
    x$fpl$fadd                               0x000037c0   Section      140  faddsub.o(x$fpl$fadd)
    _fadd1                                   0x000037cd   Thumb Code     0  faddsub.o(x$fpl$fadd)
    x$fpl$fmul                               0x0000384c   Section      176  fmul.o(x$fpl$fmul)
    x$fpl$frsb                               0x000038fc   Section       24  faddsub.o(x$fpl$frsb)
    x$fpl$fsub                               0x00003914   Section      208  faddsub.o(x$fpl$fsub)
    _fsub1                                   0x00003921   Thumb Code     0  faddsub.o(x$fpl$fsub)
    x$fpl$printf1                            0x000039e4   Section       16  printf1.o(x$fpl$printf1)
    x$fpl$printf2                            0x000039f4   Section       16  printf2.o(x$fpl$printf2)
    .constdata                               0x00003a04   Section    25608  main.o(.constdata)
    x$fpl$usenofp                            0x00003a04   Section        0  usenofp.o(x$fpl$usenofp)
    .constdata                               0x00009e0c   Section     8426  lcd.o(.constdata)
    .constdata                               0x0000bef8   Section      404  ntc.o(.constdata)
    .constdata                               0x0000c08c   Section       17  __printf_flags_ss_wp.o(.constdata)
    maptable                                 0x0000c08c   Data          17  __printf_flags_ss_wp.o(.constdata)
    .constdata                               0x0000c09d   Section       64  fdiv.o(.constdata)
    fdiv_tab                                 0x0000c09d   Data          64  fdiv.o(.constdata)
    .constdata                               0x0000c0dd   Section       38  _printf_fp_hex.o(.constdata)
    lc_hextab                                0x0000c0dd   Data          19  _printf_fp_hex.o(.constdata)
    uc_hextab                                0x0000c0f0   Data          19  _printf_fp_hex.o(.constdata)
    .constdata                               0x0000c104   Section      148  bigflt0.o(.constdata)
    tenpwrs_x                                0x0000c104   Data          60  bigflt0.o(.constdata)
    tenpwrs_i                                0x0000c140   Data          64  bigflt0.o(.constdata)
    locale$$data                             0x0000c1b8   Section       28  lc_numeric_c.o(locale$$data)
    __lcnum_c_name                           0x0000c1bc   Data           2  lc_numeric_c.o(locale$$data)
    __lcnum_c_start                          0x0000c1c4   Data           0  lc_numeric_c.o(locale$$data)
    __lcnum_c_point                          0x0000c1d0   Data           0  lc_numeric_c.o(locale$$data)
    __lcnum_c_thousands                      0x0000c1d2   Data           0  lc_numeric_c.o(locale$$data)
    __lcnum_c_grouping                       0x0000c1d3   Data           0  lc_numeric_c.o(locale$$data)
    __lcnum_c_end                            0x0000c1d4   Data           0  lc_numeric_c.o(locale$$data)
    .data                                    0x20000000   Section        4  system_cw32l010.o(.data)
    .data                                    0x20000004   Section       60  main.o(.data)
    timecount2                               0x20000038   Data           4  main.o(.data)
    timecount                                0x2000003c   Data           4  main.o(.data)
    .data                                    0x20000040   Section        1  adc.o(.data)
    cnt                                      0x20000040   Data           1  adc.o(.data)
    .data                                    0x20000044   Section       12  cw32l010_systick.o(.data)
    .bss                                     0x20000050   Section       20  main.o(.bss)
    .bss                                     0x20000064   Section     1000  adc.o(.bss)
    .bss                                     0x2000044c   Section       96  libspace.o(.bss)
    HEAP                                     0x200004b0   Section      512  startup_cw32l010.o(HEAP)
    Heap_Mem                                 0x200004b0   Data         512  startup_cw32l010.o(HEAP)
    STACK                                    0x200006b0   Section      512  startup_cw32l010.o(STACK)
    Stack_Mem                                0x200006b0   Data         512  startup_cw32l010.o(STACK)
    __initial_sp                             0x200008b0   Data           0  startup_cw32l010.o(STACK)

    Global Symbols

    Symbol Name                              Value     Ov Type        Size  Object(Section)

    BuildAttributes$$THM_ISAv3M$S$PE$A:L22$X:L11$S22$IEEE1$IW$USESV6$~STKCKD$USESV7$~SHL$OTIME$ROPI$IEEEJ$EBA8$UX$STANDARDLIB$REQ8$PRES8$EABIv2 0x00000000   Number         0  anon$$obj.o ABSOLUTE
    __ARM_use_no_argv                        0x00000000   Number         0  main.o ABSOLUTE
    __Vectors                                0x00000000   Data           0  startup_cw32l010.o(RESET)
    _printf_flags                            0x00000000   Number         0  printf_stubs.o ABSOLUTE
    _printf_return_value                     0x00000000   Number         0  printf_stubs.o ABSOLUTE
    _printf_sizespec                         0x00000000   Number         0  printf_stubs.o ABSOLUTE
    _printf_widthprec                        0x00000000   Number         0  printf_stubs.o ABSOLUTE
    __ARM_exceptions_init                     - Undefined Weak Reference
    __alloca_initialize                       - Undefined Weak Reference
    __arm_preinit_                            - Undefined Weak Reference
    __cpp_initialize__aeabi_                  - Undefined Weak Reference
    __cxa_finalize                            - Undefined Weak Reference
    __sigvec_lookup                           - Undefined Weak Reference
    _atexit_init                              - Undefined Weak Reference
    _call_atexit_fns                          - Undefined Weak Reference
    _clock_init                               - Undefined Weak Reference
    _fp_trap_init                             - Undefined Weak Reference
    _fp_trap_shutdown                         - Undefined Weak Reference
    _get_lc_collate                           - Undefined Weak Reference
    _get_lc_ctype                             - Undefined Weak Reference
    _get_lc_monetary                          - Undefined Weak Reference
    _get_lc_time                              - Undefined Weak Reference
    _getenv_init                              - Undefined Weak Reference
    _handle_redirection                       - Undefined Weak Reference
    _init_alloc                               - Undefined Weak Reference
    _init_user_alloc                          - Undefined Weak Reference
    _initio                                   - Undefined Weak Reference
    _printf_truncate_signed                   - Undefined Weak Reference
    _printf_truncate_unsigned                 - Undefined Weak Reference
    _rand_init                                - Undefined Weak Reference
    _signal_finish                            - Undefined Weak Reference
    _signal_init                              - Undefined Weak Reference
    _terminate_alloc                          - Undefined Weak Reference
    _terminate_user_alloc                     - Undefined Weak Reference
    _terminateio                              - Undefined Weak Reference
    __Vectors_End                            0x000000c0   Data           0  startup_cw32l010.o(RESET)
    __Vectors_Size                           0x000000c0   Number         0  startup_cw32l010.o ABSOLUTE
    __main                                   0x000000c1   Thumb Code     8  __main.o(!!!main)
    __scatterload                            0x000000c9   Thumb Code     0  __scatter.o(!!!scatter)
    __scatterload_rt2                        0x000000c9   Thumb Code    52  __scatter.o(!!!scatter)
    __scatterload_rt2_thumb_only             0x000000c9   Thumb Code     0  __scatter.o(!!!scatter)
    __scatterload_null                       0x000000d9   Thumb Code     0  __scatter.o(!!!scatter)
    __scatterload_copy                       0x00000105   Thumb Code    26  __scatter_copy.o(!!handler_copy)
    __scatterload_zeroinit                   0x00000121   Thumb Code    28  __scatter_zi.o(!!handler_zi)
    _printf_percent                          0x0000013d   Thumb Code     0  _printf_percent.o(.ARM.Collect$$_printf_percent$$00000000)
    _printf_f                                0x0000013f   Thumb Code     0  _printf_f.o(.ARM.Collect$$_printf_percent$$00000003)
    _printf_e                                0x00000149   Thumb Code     0  _printf_e.o(.ARM.Collect$$_printf_percent$$00000004)
    _printf_g                                0x00000153   Thumb Code     0  _printf_g.o(.ARM.Collect$$_printf_percent$$00000005)
    _printf_a                                0x0000015d   Thumb Code     0  _printf_a.o(.ARM.Collect$$_printf_percent$$00000006)
    _printf_d                                0x00000167   Thumb Code     0  _printf_d.o(.ARM.Collect$$_printf_percent$$00000009)
    _printf_percent_end                      0x00000171   Thumb Code     0  _printf_percent_end.o(.ARM.Collect$$_printf_percent$$00000017)
    __rt_lib_init                            0x00000175   Thumb Code     0  libinit.o(.ARM.Collect$$libinit$$00000000)
    __rt_lib_init_fp_1                       0x00000177   Thumb Code     0  libinit2.o(.ARM.Collect$$libinit$$00000002)
    __rt_lib_init_heap_1                     0x00000177   Thumb Code     0  libinit2.o(.ARM.Collect$$libinit$$0000000A)
    __rt_lib_init_lc_common                  0x00000177   Thumb Code     0  libinit2.o(.ARM.Collect$$libinit$$0000000F)
    __rt_lib_init_preinit_1                  0x00000177   Thumb Code     0  libinit2.o(.ARM.Collect$$libinit$$00000004)
    __rt_lib_init_rand_1                     0x00000177   Thumb Code     0  libinit2.o(.ARM.Collect$$libinit$$0000000E)
    __rt_lib_init_user_alloc_1               0x00000177   Thumb Code     0  libinit2.o(.ARM.Collect$$libinit$$0000000C)
    __rt_lib_init_lc_collate_1               0x0000017d   Thumb Code     0  libinit2.o(.ARM.Collect$$libinit$$00000011)
    __rt_lib_init_lc_ctype_1                 0x0000017d   Thumb Code     0  libinit2.o(.ARM.Collect$$libinit$$00000013)
    __rt_lib_init_lc_monetary_1              0x0000017d   Thumb Code     0  libinit2.o(.ARM.Collect$$libinit$$00000015)
    __rt_lib_init_lc_numeric_2               0x0000017d   Thumb Code     0  libinit2.o(.ARM.Collect$$libinit$$00000016)
    __rt_lib_init_alloca_1                   0x00000187   Thumb Code     0  libinit2.o(.ARM.Collect$$libinit$$0000002E)
    __rt_lib_init_argv_1                     0x00000187   Thumb Code     0  libinit2.o(.ARM.Collect$$libinit$$0000002C)
    __rt_lib_init_atexit_1                   0x00000187   Thumb Code     0  libinit2.o(.ARM.Collect$$libinit$$0000001B)
    __rt_lib_init_clock_1                    0x00000187   Thumb Code     0  libinit2.o(.ARM.Collect$$libinit$$00000021)
    __rt_lib_init_cpp_1                      0x00000187   Thumb Code     0  libinit2.o(.ARM.Collect$$libinit$$00000032)
    __rt_lib_init_exceptions_1               0x00000187   Thumb Code     0  libinit2.o(.ARM.Collect$$libinit$$00000030)
    __rt_lib_init_fp_trap_1                  0x00000187   Thumb Code     0  libinit2.o(.ARM.Collect$$libinit$$0000001F)
    __rt_lib_init_getenv_1                   0x00000187   Thumb Code     0  libinit2.o(.ARM.Collect$$libinit$$00000023)
    __rt_lib_init_lc_numeric_1               0x00000187   Thumb Code     0  libinit2.o(.ARM.Collect$$libinit$$00000017)
    __rt_lib_init_lc_time_1                  0x00000187   Thumb Code     0  libinit2.o(.ARM.Collect$$libinit$$00000019)
    __rt_lib_init_return                     0x00000187   Thumb Code     0  libinit2.o(.ARM.Collect$$libinit$$00000033)
    __rt_lib_init_signal_1                   0x00000187   Thumb Code     0  libinit2.o(.ARM.Collect$$libinit$$0000001D)
    __rt_lib_init_stdio_1                    0x00000187   Thumb Code     0  libinit2.o(.ARM.Collect$$libinit$$00000025)
    __rt_lib_shutdown                        0x00000189   Thumb Code     0  libshutdown.o(.ARM.Collect$$libshutdown$$00000000)
    __rt_lib_shutdown_cpp_1                  0x0000018b   Thumb Code     0  libshutdown2.o(.ARM.Collect$$libshutdown$$00000002)
    __rt_lib_shutdown_fp_trap_1              0x0000018b   Thumb Code     0  libshutdown2.o(.ARM.Collect$$libshutdown$$00000007)
    __rt_lib_shutdown_heap_1                 0x0000018b   Thumb Code     0  libshutdown2.o(.ARM.Collect$$libshutdown$$0000000F)
    __rt_lib_shutdown_return                 0x0000018b   Thumb Code     0  libshutdown2.o(.ARM.Collect$$libshutdown$$00000010)
    __rt_lib_shutdown_signal_1               0x0000018b   Thumb Code     0  libshutdown2.o(.ARM.Collect$$libshutdown$$0000000A)
    __rt_lib_shutdown_stdio_1                0x0000018b   Thumb Code     0  libshutdown2.o(.ARM.Collect$$libshutdown$$00000004)
    __rt_lib_shutdown_user_alloc_1           0x0000018b   Thumb Code     0  libshutdown2.o(.ARM.Collect$$libshutdown$$0000000C)
    __rt_entry                               0x0000018d   Thumb Code     0  __rtentry.o(.ARM.Collect$$rtentry$$00000000)
    __rt_entry_presh_1                       0x0000018d   Thumb Code     0  __rtentry2.o(.ARM.Collect$$rtentry$$00000002)
    __rt_entry_sh                            0x0000018d   Thumb Code     0  __rtentry4.o(.ARM.Collect$$rtentry$$00000004)
    __rt_entry_li                            0x00000193   Thumb Code     0  __rtentry2.o(.ARM.Collect$$rtentry$$0000000A)
    __rt_entry_postsh_1                      0x00000193   Thumb Code     0  __rtentry2.o(.ARM.Collect$$rtentry$$00000009)
    __rt_entry_main                          0x00000197   Thumb Code     0  __rtentry2.o(.ARM.Collect$$rtentry$$0000000D)
    __rt_entry_postli_1                      0x00000197   Thumb Code     0  __rtentry2.o(.ARM.Collect$$rtentry$$0000000C)
    __rt_exit                                0x0000019f   Thumb Code     0  rtexit.o(.ARM.Collect$$rtexit$$00000000)
    __rt_exit_ls                             0x000001a1   Thumb Code     0  rtexit2.o(.ARM.Collect$$rtexit$$00000003)
    __rt_exit_prels_1                        0x000001a1   Thumb Code     0  rtexit2.o(.ARM.Collect$$rtexit$$00000002)
    __rt_exit_exit                           0x000001a5   Thumb Code     0  rtexit2.o(.ARM.Collect$$rtexit$$00000004)
    __aeabi_memcpy4                          0x000001ad   Thumb Code    56  rt_memcpy.o(.emb_text)
    __aeabi_memcpy8                          0x000001ad   Thumb Code     0  rt_memcpy.o(.emb_text)
    Reset_Handler                            0x000001e5   Thumb Code    14  startup_cw32l010.o(.text)
    CLKFAULT_IRQHandler                      0x000001fd   Thumb Code     0  startup_cw32l010.o(.text)
    __user_initial_stackheap                 0x00000201   Thumb Code     0  startup_cw32l010.o(.text)
    __2sprintf                               0x00000229   Thumb Code    36  noretval__2sprintf.o(.text)
    _printf_pre_padding                      0x00000251   Thumb Code    44  _printf_pad.o(.text)
    _printf_post_padding                     0x0000027d   Thumb Code    34  _printf_pad.o(.text)
    _printf_int_dec                          0x000002a1   Thumb Code    90  _printf_dec.o(.text)
    __printf                                 0x0000030d   Thumb Code   386  __printf_flags_ss_wp.o(.text)
    _memset_w                                0x00000495   Thumb Code    26  rt_memclr.o(.text)
    _memset                                  0x000004af   Thumb Code    30  rt_memclr.o(.text)
    __aeabi_memclr                           0x000004cd   Thumb Code     4  rt_memclr.o(.text)
    __rt_memclr                              0x000004cd   Thumb Code     0  rt_memclr.o(.text)
    __aeabi_memclr4                          0x000004d1   Thumb Code     0  rt_memclr.o(.text)
    __aeabi_memclr8                          0x000004d1   Thumb Code     0  rt_memclr.o(.text)
    __rt_memclr_w                            0x000004d1   Thumb Code     4  rt_memclr.o(.text)
    __aeabi_uidiv                            0x000004d5   Thumb Code     0  aeabi_sdiv.o(.text)
    __aeabi_uidivmod                         0x000004d5   Thumb Code    20  aeabi_sdiv.o(.text)
    __aeabi_idiv                             0x000004e9   Thumb Code     0  aeabi_sdiv.o(.text)
    __aeabi_idivmod                          0x000004e9   Thumb Code   326  aeabi_sdiv.o(.text)
    __use_two_region_memory                  0x0000062f   Thumb Code     2  heapauxi.o(.text)
    __rt_heap_escrow$2region                 0x00000631   Thumb Code     2  heapauxi.o(.text)
    __rt_heap_expand$2region                 0x00000633   Thumb Code     2  heapauxi.o(.text)
    __aeabi_f2d                              0x00000635   Thumb Code     0  f2d.o(.text)
    _f2d                                     0x00000635   Thumb Code    80  f2d.o(.text)
    __aeabi_fdiv                             0x00000689   Thumb Code     0  fdiv.o(.text)
    _fdiv                                    0x00000689   Thumb Code   334  fdiv.o(.text)
    _frdiv                                   0x000007d7   Thumb Code     8  fdiv.o(.text)
    __aeabi_f2uiz                            0x000007e9   Thumb Code     0  ffixui.o(.text)
    _ffixu                                   0x000007e9   Thumb Code    48  ffixui.o(.text)
    __aeabi_i2f_normalise                    0x00000819   Thumb Code    72  fflti.o(.text)
    __aeabi_i2f                              0x00000861   Thumb Code    16  fflti.o(.text)
    _fflt                                    0x00000861   Thumb Code     0  fflti.o(.text)
    __aeabi_ui2f                             0x00000871   Thumb Code     6  fflti.o(.text)
    _ffltu                                   0x00000871   Thumb Code     0  fflti.o(.text)
    __ARM_scalbnf                            0x00000879   Thumb Code    64  fscalbn.o(.text)
    _printf_int_common                       0x000008bd   Thumb Code   176  _printf_intcommon.o(.text)
    __lib_sel_fp_printf                      0x0000096d   Thumb Code     2  _printf_fp_dec.o(.text)
    _printf_fp_dec_real                      0x00000b0b   Thumb Code   620  _printf_fp_dec.o(.text)
    _printf_fp_hex_real                      0x00000d85   Thumb Code   718  _printf_fp_hex.o(.text)
    _printf_char_common                      0x00001067   Thumb Code    32  _printf_char_common.o(.text)
    _sputc                                   0x0000108d   Thumb Code    10  _sputc.o(.text)
    __rt_udiv10                              0x00001097   Thumb Code    40  rtudiv10.o(.text)
    __rt_locale                              0x000010c1   Thumb Code     8  rt_locale_intlibspace.o(.text)
    _ll_udiv10                               0x000010c9   Thumb Code   122  lludiv10.o(.text)
    _printf_fp_infnan                        0x00001145   Thumb Code   120  _printf_fp_infnan.o(.text)
    _btod_etento                             0x000011cd   Thumb Code   210  bigflt0.o(.text)
    _btod_d2e                                0x000012a5   Thumb Code    64  btod.o(.text)
    _btod_emul                               0x000016d9   Thumb Code    28  btod.o(.text)
    _btod_emuld                              0x000016f5   Thumb Code   144  btod.o(.text)
    _btod_ediv                               0x00001785   Thumb Code    26  btod.o(.text)
    _btod_edivd                              0x0000179f   Thumb Code   124  btod.o(.text)
    __user_libspace                          0x00001825   Thumb Code     8  libspace.o(.text)
    __user_perproc_libspace                  0x00001825   Thumb Code     0  libspace.o(.text)
    __user_perthread_libspace                0x00001825   Thumb Code     0  libspace.o(.text)
    __user_setup_stackheap                   0x0000182d   Thumb Code    62  sys_stackheap_outer.o(.text)
    exit                                     0x0000186b   Thumb Code    16  exit.o(.text)
    strcmp                                   0x0000187d   Thumb Code   132  strcmp.o(.text)
    _sys_exit                                0x00001905   Thumb Code     8  sys_exit.o(.text)
    __I$use$semihosting                      0x00001911   Thumb Code     0  use_no_semi.o(.text)
    __use_no_semihosting_swi                 0x00001911   Thumb Code     2  use_no_semi.o(.text)
    __semihosting_library_function           0x00001913   Thumb Code     0  indicate_semi.o(.text)
    ADC_ClearITPendingAll                    0x00001915   Thumb Code     8  cw32l010_adc.o(i.ADC_ClearITPendingAll)
    ADC_Enable                               0x00001921   Thumb Code    16  cw32l010_adc.o(i.ADC_Enable)
    ADC_GetSqr0Result                        0x00001931   Thumb Code    12  cw32l010_adc.o(i.ADC_GetSqr0Result)
    ADC_GetSqr1Result                        0x00001941   Thumb Code    12  cw32l010_adc.o(i.ADC_GetSqr1Result)
    ADC_GetSqr2Result                        0x00001951   Thumb Code    12  cw32l010_adc.o(i.ADC_GetSqr2Result)
    ADC_GetSqr3Result                        0x00001961   Thumb Code    12  cw32l010_adc.o(i.ADC_GetSqr3Result)
    ADC_GetSqr4Result                        0x00001971   Thumb Code    12  cw32l010_adc.o(i.ADC_GetSqr4Result)
    ADC_IRQHandler                           0x00001981   Thumb Code     2  interrupts_cw32l010.o(i.ADC_IRQHandler)
    ADC_Init                                 0x00001985   Thumb Code   312  cw32l010_adc.o(i.ADC_Init)
    ADC_SoftwareStartConvCmd                 0x00001ae9   Thumb Code    42  cw32l010_adc.o(i.ADC_SoftwareStartConvCmd)
    ADC_init                                 0x00001b39   Thumb Code   156  adc.o(i.ADC_init)
    ATIM_IRQHandler                          0x00001be1   Thumb Code     2  interrupts_cw32l010.o(i.ATIM_IRQHandler)
    BTIM1_IRQHandler                         0x00001be5   Thumb Code    82  main.o(i.BTIM1_IRQHandler)
    BTIM1_init                               0x00001c41   Thumb Code    72  main.o(i.BTIM1_init)
    BTIM2_IRQHandler                         0x00001c99   Thumb Code    34  timer.o(i.BTIM2_IRQHandler)
    BTIM3_IRQHandler                         0x00001cc5   Thumb Code     2  interrupts_cw32l010.o(i.BTIM3_IRQHandler)
    BTIM_ClearITPendingBit                   0x00001cc9   Thumb Code    60  cw32l010_btim.o(i.BTIM_ClearITPendingBit)
    BTIM_Cmd                                 0x00001d2d   Thumb Code    70  cw32l010_btim.o(i.BTIM_Cmd)
    BTIM_GetITStatus                         0x00001d9d   Thumb Code    62  cw32l010_btim.o(i.BTIM_GetITStatus)
    BTIM_ITConfig                            0x00001e05   Thumb Code    86  cw32l010_btim.o(i.BTIM_ITConfig)
    BTIM_TimeBaseInit                        0x00001e85   Thumb Code   142  cw32l010_btim.o(i.BTIM_TimeBaseInit)
    Draw_Circle                              0x00001f49   Thumb Code   172  lcd.o(i.Draw_Circle)
    FAULT_IRQHandler                         0x00001ff5   Thumb Code     2  interrupts_cw32l010.o(i.FAULT_IRQHandler)
    FLASHRAM_IRQHandler                      0x00001ff7   Thumb Code     2  interrupts_cw32l010.o(i.FLASHRAM_IRQHandler)
    FirmwareDelay                            0x00001ff9   Thumb Code    16  system_cw32l010.o(i.FirmwareDelay)
    GPIOA_IRQHandler                         0x00002009   Thumb Code     2  interrupts_cw32l010.o(i.GPIOA_IRQHandler)
    GPIOB_IRQHandler                         0x0000200b   Thumb Code     2  interrupts_cw32l010.o(i.GPIOB_IRQHandler)
    GPIO_Configuration                       0x0000200d   Thumb Code    74  main.o(i.GPIO_Configuration)
    GPIO_Init                                0x00002065   Thumb Code   170  cw32l010_gpio.o(i.GPIO_Init)
    GPIO_ReadPin                             0x00002119   Thumb Code    10  cw32l010_gpio.o(i.GPIO_ReadPin)
    GPIO_WritePin                            0x00002123   Thumb Code    12  cw32l010_gpio.o(i.GPIO_WritePin)
    GTIM1_IRQHandler                         0x0000212f   Thumb Code     2  interrupts_cw32l010.o(i.GTIM1_IRQHandler)
    GetNTCTable_Temp                         0x00002131   Thumb Code   142  ntc.o(i.GetNTCTable_Temp)
    Get_ADC_Value                            0x000021cd   Thumb Code    88  adc.o(i.Get_ADC_Value)
    HardFault_Handler                        0x00002231   Thumb Code     2  interrupts_cw32l010.o(i.HardFault_Handler)
    I2C1_IRQHandler                          0x00002233   Thumb Code     2  interrupts_cw32l010.o(i.I2C1_IRQHandler)
    InitTick                                 0x00002235   Thumb Code    74  cw32l010_systick.o(i.InitTick)
    LCD_Address_Set                          0x0000228d   Thumb Code    58  lcd_init.o(i.LCD_Address_Set)
    LCD_DrawPoint                            0x000022c7   Thumb Code    20  lcd.o(i.LCD_DrawPoint)
    LCD_Fill                                 0x000022db   Thumb Code    32  lcd.o(i.LCD_Fill)
    LCD_GPIO_Init                            0x000022fd   Thumb Code   148  lcd_init.o(i.LCD_GPIO_Init)
    LCD_Init                                 0x00002399   Thumb Code   530  lcd_init.o(i.LCD_Init)
    LCD_ShowChar                             0x000025b5   Thumb Code   230  lcd.o(i.LCD_ShowChar)
    LCD_ShowPicture                          0x000026a9   Thumb Code    80  lcd.o(i.LCD_ShowPicture)
    LCD_ShowString                           0x000026f9   Thumb Code    50  lcd.o(i.LCD_ShowString)
    LCD_WR_DATA                              0x0000272d   Thumb Code    36  lcd_init.o(i.LCD_WR_DATA)
    LCD_WR_DATA16_N                          0x00002755   Thumb Code    90  lcd_init.o(i.LCD_WR_DATA16_N)
    LCD_WR_DATA8                             0x000027b5   Thumb Code    30  lcd_init.o(i.LCD_WR_DATA8)
    LCD_WR_REG                               0x000027d9   Thumb Code    54  lcd_init.o(i.LCD_WR_REG)
    LCD_Writ_Bus                             0x00002815   Thumb Code    44  lcd_init.o(i.LCD_Writ_Bus)
    LPTIM_IRQHandler                         0x00002845   Thumb Code     2  interrupts_cw32l010.o(i.LPTIM_IRQHandler)
    LVD_IRQHandler                           0x00002847   Thumb Code     2  interrupts_cw32l010.o(i.LVD_IRQHandler)
    Mean_Value_Filter                        0x00002849   Thumb Code    48  main.o(i.Mean_Value_Filter)
    NMI_Handler                              0x0000287d   Thumb Code     2  interrupts_cw32l010.o(i.NMI_Handler)
    PendSV_Handler                           0x0000287f   Thumb Code     2  interrupts_cw32l010.o(i.PendSV_Handler)
    RTC_IRQHandler                           0x00002881   Thumb Code     2  interrupts_cw32l010.o(i.RTC_IRQHandler)
    SPI1_IRQHandler                          0x00002883   Thumb Code     2  interrupts_cw32l010.o(i.SPI1_IRQHandler)
    SPI_Cmd                                  0x00002885   Thumb Code    52  cw32l010_spi.o(i.SPI_Cmd)
    SPI_GetFlagStatus                        0x000028e1   Thumb Code    50  cw32l010_spi.o(i.SPI_GetFlagStatus)
    SPI_Init                                 0x0000293d   Thumb Code   370  cw32l010_spi.o(i.SPI_Init)
    SPI_NSSInternalSoftwareConfig            0x00002add   Thumb Code    44  cw32l010_spi.o(i.SPI_NSSInternalSoftwareConfig)
    SPI_SendData                             0x00002b31   Thumb Code    24  cw32l010_spi.o(i.SPI_SendData)
    SVC_Handler                              0x00002b71   Thumb Code     2  interrupts_cw32l010.o(i.SVC_Handler)
    SYSCTRL_APBPeriphClk_Enable1             0x00002b75   Thumb Code    46  cw32l010_sysctrl.o(i.SYSCTRL_APBPeriphClk_Enable1)
    SYSCTRL_Configuration                    0x00002bd9   Thumb Code    30  main.o(i.SYSCTRL_Configuration)
    SYSCTRL_HSI_Enable                       0x00002c09   Thumb Code   206  cw32l010_sysctrl.o(i.SYSCTRL_HSI_Enable)
    SYSCTRL_IRQHandler                       0x00002d11   Thumb Code     2  interrupts_cw32l010.o(i.SYSCTRL_IRQHandler)
    Show_Chinese                             0x00002d15   Thumb Code   158  lcd.o(i.Show_Chinese)
    SysTick_Handler                          0x00002dbd   Thumb Code    12  cw32l010_systick.o(i.SysTick_Handler)
    SystemInit                               0x00002dcd   Thumb Code    44  system_cw32l010.o(i.SystemInit)
    Timer2_Enable                            0x00002e09   Thumb Code    14  timer.o(i.Timer2_Enable)
    Timer2_Init                              0x00002e1d   Thumb Code    62  timer.o(i.Timer2_Init)
    UART1_IRQHandler                         0x00002e71   Thumb Code     2  interrupts_cw32l010.o(i.UART1_IRQHandler)
    UART2_IRQHandler                         0x00002e73   Thumb Code     2  interrupts_cw32l010.o(i.UART2_IRQHandler)
    VC1_IRQHandler                           0x00002e75   Thumb Code     2  interrupts_cw32l010.o(i.VC1_IRQHandler)
    VC2_IRQHandler                           0x00002e77   Thumb Code     2  interrupts_cw32l010.o(i.VC2_IRQHandler)
    Volt_Cal                                 0x00002e79   Thumb Code   178  main.o(i.Volt_Cal)
    WDT_IRQHandler                           0x00002f5d   Thumb Code     2  interrupts_cw32l010.o(i.WDT_IRQHandler)
    __ARM_common_ll_muluu                    0x00002f5f   Thumb Code    48  btod.o(i.__ARM_common_ll_muluu)
    __ARM_fpclassify                         0x00002f91   Thumb Code    40  fpclassify.o(i.__ARM_fpclassify)
    _is_digit                                0x00003001   Thumb Code    14  __printf_wp.o(i._is_digit)
    assert_failed                            0x0000300f   Thumb Code     2  main.o(i.assert_failed)
    main                                     0x00003011   Thumb Code  1716  main.o(i.main)
    _get_lc_numeric                          0x00003795   Thumb Code    44  lc_numeric_c.o(locale$$code)
    __aeabi_fadd                             0x000037c1   Thumb Code     0  faddsub.o(x$fpl$fadd)
    _fadd                                    0x000037c1   Thumb Code   134  faddsub.o(x$fpl$fadd)
    __aeabi_fmul                             0x0000384d   Thumb Code     0  fmul.o(x$fpl$fmul)
    _fmul                                    0x0000384d   Thumb Code   172  fmul.o(x$fpl$fmul)
    __aeabi_frsub                            0x000038fd   Thumb Code     0  faddsub.o(x$fpl$frsb)
    _frsb                                    0x000038fd   Thumb Code    24  faddsub.o(x$fpl$frsb)
    __aeabi_fsub                             0x00003915   Thumb Code     0  faddsub.o(x$fpl$fsub)
    _fsub                                    0x00003915   Thumb Code   204  faddsub.o(x$fpl$fsub)
    _printf_fp_dec                           0x000039e5   Thumb Code    16  printf1.o(x$fpl$printf1)
    _printf_fp_hex                           0x000039f5   Thumb Code    16  printf2.o(x$fpl$printf2)
    __I$use$fp                               0x00003a04   Number         0  usenofp.o(x$fpl$usenofp)
    gImage_logo1                             0x00003a04   Data       25608  main.o(.constdata)
    ascii_1206                               0x00009e0c   Data        1140  lcd.o(.constdata)
    ascii_1608                               0x0000a280   Data        1520  lcd.o(.constdata)
    ascii_2412                               0x0000a870   Data        4560  lcd.o(.constdata)
    hz12                                     0x0000ba40   Data         144  lcd.o(.constdata)
    hz16                                     0x0000bad0   Data         192  lcd.o(.constdata)
    hz24                                     0x0000bb90   Data         360  lcd.o(.constdata)
    tfont16                                  0x0000bcf8   Data         510  lcd.o(.constdata)
    Region$$Table$$Base                      0x0000c198   Number         0  anon$$obj.o(Region$$Table)
    Region$$Table$$Limit                     0x0000c1b8   Number         0  anon$$obj.o(Region$$Table)
    SystemCoreClock                          0x20000000   Data           4  system_cw32l010.o(.data)
    kecou                                    0x20000004   Data           1  main.o(.data)
    Mode                                     0x20000005   Data           1  main.o(.data)
    Screen                                   0x20000006   Data           1  main.o(.data)
    Screen_Lock                              0x20000007   Data           1  main.o(.data)
    timer_Temp                               0x20000008   Data           1  main.o(.data)
    timer_Lock                               0x20000009   Data           1  main.o(.data)
    st                                       0x2000000a   Data           1  main.o(.data)
    NTC_Num                                  0x2000000c   Data           2  main.o(.data)
    V_Buffer                                 0x2000000e   Data           2  main.o(.data)
    I_Buffer                                 0x20000010   Data           2  main.o(.data)
    V12_Buffer                               0x20000012   Data           2  main.o(.data)
    Vvalue                                   0x20000014   Data           4  main.o(.data)
    Ivalue                                   0x20000018   Data           4  main.o(.data)
    tcount                                   0x2000001c   Data           4  main.o(.data)
    tcountD                                  0x20000020   Data           4  main.o(.data)
    adsampleflag                             0x20000024   Data           4  main.o(.data)
    IDIN                                     0x20000028   Data           4  main.o(.data)
    Ipiancha                                 0x2000002c   Data           4  main.o(.data)
    lcd_time                                 0x20000030   Data           4  main.o(.data)
    timer_Num                                0x20000034   Data           4  main.o(.data)
    uwTickFreq                               0x20000044   Data           1  cw32l010_systick.o(.data)
    uwTickPrio                               0x20000048   Data           4  cw32l010_systick.o(.data)
    uwTick                                   0x2000004c   Data           4  cw32l010_systick.o(.data)
    str                                      0x20000050   Data          20  main.o(.bss)
    Volt_Buffer                              0x20000064   Data         200  adc.o(.bss)
    Curr_Buffer                              0x2000012c   Data         200  adc.o(.bss)
    V12V_Buffer                              0x200001f4   Data         200  adc.o(.bss)
    IPV1_Buffer                              0x200002bc   Data         200  adc.o(.bss)
    NTC_Buffer                               0x20000384   Data         200  adc.o(.bss)
    __libspace_start                         0x2000044c   Data          96  libspace.o(.bss)
    __temporary_stack_top$libspace           0x200004ac   Data           0  libspace.o(.bss)



==============================================================================

Memory Map of the image

  Image Entry point : 0x000000c1

  Load Region LR_IROM1 (Base: 0x00000000, Size: 0x0000c224, Max: 0x00020000, ABSOLUTE)

    Execution Region ER_IROM1 (Exec base: 0x00000000, Load base: 0x00000000, Size: 0x0000c1d4, Max: 0x00020000, ABSOLUTE)

    Exec Addr    Load Addr    Size         Type   Attr      Idx    E Section Name        Object

    0x00000000   0x00000000   0x000000c0   Data   RO           78    RESET               startup_cw32l010.o
    0x000000c0   0x000000c0   0x00000008   Code   RO         1765  * !!!main             c_p.l(__main.o)
    0x000000c8   0x000000c8   0x0000003c   Code   RO         2017    !!!scatter          c_p.l(__scatter.o)
    0x00000104   0x00000104   0x0000001a   Code   RO         2019    !!handler_copy      c_p.l(__scatter_copy.o)
    0x0000011e   0x0000011e   0x00000002   PAD
    0x00000120   0x00000120   0x0000001c   Code   RO         2021    !!handler_zi        c_p.l(__scatter_zi.o)
    0x0000013c   0x0000013c   0x00000002   Code   RO         1752    .ARM.Collect$$_printf_percent$$00000000  c_p.l(_printf_percent.o)
    0x0000013e   0x0000013e   0x0000000a   Code   RO         1748    .ARM.Collect$$_printf_percent$$00000003  c_p.l(_printf_f.o)
    0x00000148   0x00000148   0x0000000a   Code   RO         1749    .ARM.Collect$$_printf_percent$$00000004  c_p.l(_printf_e.o)
    0x00000152   0x00000152   0x0000000a   Code   RO         1750    .ARM.Collect$$_printf_percent$$00000005  c_p.l(_printf_g.o)
    0x0000015c   0x0000015c   0x0000000a   Code   RO         1751    .ARM.Collect$$_printf_percent$$00000006  c_p.l(_printf_a.o)
    0x00000166   0x00000166   0x0000000a   Code   RO         1747    .ARM.Collect$$_printf_percent$$00000009  c_p.l(_printf_d.o)
    0x00000170   0x00000170   0x00000004   Code   RO         1820    .ARM.Collect$$_printf_percent$$00000017  c_p.l(_printf_percent_end.o)
    0x00000174   0x00000174   0x00000002   Code   RO         1889    .ARM.Collect$$libinit$$00000000  c_p.l(libinit.o)
    0x00000176   0x00000176   0x00000000   Code   RO         1891    .ARM.Collect$$libinit$$00000002  c_p.l(libinit2.o)
    0x00000176   0x00000176   0x00000000   Code   RO         1893    .ARM.Collect$$libinit$$00000004  c_p.l(libinit2.o)
    0x00000176   0x00000176   0x00000000   Code   RO         1896    .ARM.Collect$$libinit$$0000000A  c_p.l(libinit2.o)
    0x00000176   0x00000176   0x00000000   Code   RO         1898    .ARM.Collect$$libinit$$0000000C  c_p.l(libinit2.o)
    0x00000176   0x00000176   0x00000000   Code   RO         1900    .ARM.Collect$$libinit$$0000000E  c_p.l(libinit2.o)
    0x00000176   0x00000176   0x00000006   Code   RO         1901    .ARM.Collect$$libinit$$0000000F  c_p.l(libinit2.o)
    0x0000017c   0x0000017c   0x00000000   Code   RO         1903    .ARM.Collect$$libinit$$00000011  c_p.l(libinit2.o)
    0x0000017c   0x0000017c   0x00000000   Code   RO         1905    .ARM.Collect$$libinit$$00000013  c_p.l(libinit2.o)
    0x0000017c   0x0000017c   0x00000000   Code   RO         1907    .ARM.Collect$$libinit$$00000015  c_p.l(libinit2.o)
    0x0000017c   0x0000017c   0x0000000a   Code   RO         1908    .ARM.Collect$$libinit$$00000016  c_p.l(libinit2.o)
    0x00000186   0x00000186   0x00000000   Code   RO         1909    .ARM.Collect$$libinit$$00000017  c_p.l(libinit2.o)
    0x00000186   0x00000186   0x00000000   Code   RO         1911    .ARM.Collect$$libinit$$00000019  c_p.l(libinit2.o)
    0x00000186   0x00000186   0x00000000   Code   RO         1913    .ARM.Collect$$libinit$$0000001B  c_p.l(libinit2.o)
    0x00000186   0x00000186   0x00000000   Code   RO         1915    .ARM.Collect$$libinit$$0000001D  c_p.l(libinit2.o)
    0x00000186   0x00000186   0x00000000   Code   RO         1917    .ARM.Collect$$libinit$$0000001F  c_p.l(libinit2.o)
    0x00000186   0x00000186   0x00000000   Code   RO         1919    .ARM.Collect$$libinit$$00000021  c_p.l(libinit2.o)
    0x00000186   0x00000186   0x00000000   Code   RO         1921    .ARM.Collect$$libinit$$00000023  c_p.l(libinit2.o)
    0x00000186   0x00000186   0x00000000   Code   RO         1923    .ARM.Collect$$libinit$$00000025  c_p.l(libinit2.o)
    0x00000186   0x00000186   0x00000000   Code   RO         1927    .ARM.Collect$$libinit$$0000002C  c_p.l(libinit2.o)
    0x00000186   0x00000186   0x00000000   Code   RO         1929    .ARM.Collect$$libinit$$0000002E  c_p.l(libinit2.o)
    0x00000186   0x00000186   0x00000000   Code   RO         1931    .ARM.Collect$$libinit$$00000030  c_p.l(libinit2.o)
    0x00000186   0x00000186   0x00000000   Code   RO         1933    .ARM.Collect$$libinit$$00000032  c_p.l(libinit2.o)
    0x00000186   0x00000186   0x00000002   Code   RO         1934    .ARM.Collect$$libinit$$00000033  c_p.l(libinit2.o)
    0x00000188   0x00000188   0x00000002   Code   RO         1982    .ARM.Collect$$libshutdown$$00000000  c_p.l(libshutdown.o)
    0x0000018a   0x0000018a   0x00000000   Code   RO         2000    .ARM.Collect$$libshutdown$$00000002  c_p.l(libshutdown2.o)
    0x0000018a   0x0000018a   0x00000000   Code   RO         2002    .ARM.Collect$$libshutdown$$00000004  c_p.l(libshutdown2.o)
    0x0000018a   0x0000018a   0x00000000   Code   RO         2005    .ARM.Collect$$libshutdown$$00000007  c_p.l(libshutdown2.o)
    0x0000018a   0x0000018a   0x00000000   Code   RO         2008    .ARM.Collect$$libshutdown$$0000000A  c_p.l(libshutdown2.o)
    0x0000018a   0x0000018a   0x00000000   Code   RO         2010    .ARM.Collect$$libshutdown$$0000000C  c_p.l(libshutdown2.o)
    0x0000018a   0x0000018a   0x00000000   Code   RO         2013    .ARM.Collect$$libshutdown$$0000000F  c_p.l(libshutdown2.o)
    0x0000018a   0x0000018a   0x00000002   Code   RO         2014    .ARM.Collect$$libshutdown$$00000010  c_p.l(libshutdown2.o)
    0x0000018c   0x0000018c   0x00000000   Code   RO         1802    .ARM.Collect$$rtentry$$00000000  c_p.l(__rtentry.o)
    0x0000018c   0x0000018c   0x00000000   Code   RO         1825    .ARM.Collect$$rtentry$$00000002  c_p.l(__rtentry2.o)
    0x0000018c   0x0000018c   0x00000006   Code   RO         1837    .ARM.Collect$$rtentry$$00000004  c_p.l(__rtentry4.o)
    0x00000192   0x00000192   0x00000000   Code   RO         1827    .ARM.Collect$$rtentry$$00000009  c_p.l(__rtentry2.o)
    0x00000192   0x00000192   0x00000004   Code   RO         1828    .ARM.Collect$$rtentry$$0000000A  c_p.l(__rtentry2.o)
    0x00000196   0x00000196   0x00000000   Code   RO         1830    .ARM.Collect$$rtentry$$0000000C  c_p.l(__rtentry2.o)
    0x00000196   0x00000196   0x00000008   Code   RO         1831    .ARM.Collect$$rtentry$$0000000D  c_p.l(__rtentry2.o)
    0x0000019e   0x0000019e   0x00000002   Code   RO         1936    .ARM.Collect$$rtexit$$00000000  c_p.l(rtexit.o)
    0x000001a0   0x000001a0   0x00000000   Code   RO         1951    .ARM.Collect$$rtexit$$00000002  c_p.l(rtexit2.o)
    0x000001a0   0x000001a0   0x00000004   Code   RO         1952    .ARM.Collect$$rtexit$$00000003  c_p.l(rtexit2.o)
    0x000001a4   0x000001a4   0x00000006   Code   RO         1953    .ARM.Collect$$rtexit$$00000004  c_p.l(rtexit2.o)
    0x000001aa   0x000001aa   0x00000002   PAD
    0x000001ac   0x000001ac   0x00000038   Code   RO         1753    .emb_text           c_p.l(rt_memcpy.o)
    0x000001e4   0x000001e4   0x00000044   Code   RO           79    .text               startup_cw32l010.o
    0x00000228   0x00000228   0x00000028   Code   RO         1719    .text               c_p.l(noretval__2sprintf.o)
    0x00000250   0x00000250   0x0000004e   Code   RO         1723    .text               c_p.l(_printf_pad.o)
    0x0000029e   0x0000029e   0x00000002   PAD
    0x000002a0   0x000002a0   0x0000006c   Code   RO         1725    .text               c_p.l(_printf_dec.o)
    0x0000030c   0x0000030c   0x00000188   Code   RO         1744    .text               c_p.l(__printf_flags_ss_wp.o)
    0x00000494   0x00000494   0x00000040   Code   RO         1757    .text               c_p.l(rt_memclr.o)
    0x000004d4   0x000004d4   0x0000015a   Code   RO         1759    .text               c_p.l(aeabi_sdiv.o)
    0x0000062e   0x0000062e   0x00000006   Code   RO         1763    .text               c_p.l(heapauxi.o)
    0x00000634   0x00000634   0x00000054   Code   RO         1775    .text               fz_ps.l(f2d.o)
    0x00000688   0x00000688   0x00000160   Code   RO         1783    .text               fz_ps.l(fdiv.o)
    0x000007e8   0x000007e8   0x00000030   Code   RO         1786    .text               fz_ps.l(ffixui.o)
    0x00000818   0x00000818   0x0000005e   Code   RO         1788    .text               fz_ps.l(fflti.o)
    0x00000876   0x00000876   0x00000002   PAD
    0x00000878   0x00000878   0x00000044   Code   RO         1792    .text               fz_ps.l(fscalbn.o)
    0x000008bc   0x000008bc   0x000000b0   Code   RO         1809    .text               c_p.l(_printf_intcommon.o)
    0x0000096c   0x0000096c   0x00000418   Code   RO         1811    .text               c_p.l(_printf_fp_dec.o)
    0x00000d84   0x00000d84   0x000002d8   Code   RO         1813    .text               c_p.l(_printf_fp_hex.o)
    0x0000105c   0x0000105c   0x00000030   Code   RO         1816    .text               c_p.l(_printf_char_common.o)
    0x0000108c   0x0000108c   0x0000000a   Code   RO         1818    .text               c_p.l(_sputc.o)
    0x00001096   0x00001096   0x00000028   Code   RO         1821    .text               c_p.l(rtudiv10.o)
    0x000010be   0x000010be   0x00000002   PAD
    0x000010c0   0x000010c0   0x00000008   Code   RO         1848    .text               c_p.l(rt_locale_intlibspace.o)
    0x000010c8   0x000010c8   0x0000007a   Code   RO         1850    .text               c_p.l(lludiv10.o)
    0x00001142   0x00001142   0x00000002   PAD
    0x00001144   0x00001144   0x00000088   Code   RO         1852    .text               c_p.l(_printf_fp_infnan.o)
    0x000011cc   0x000011cc   0x000000d8   Code   RO         1856    .text               c_p.l(bigflt0.o)
    0x000012a4   0x000012a4   0x00000580   Code   RO         1859    .text               c_p.l(btod.o)
    0x00001824   0x00001824   0x00000008   Code   RO         1870    .text               c_p.l(libspace.o)
    0x0000182c   0x0000182c   0x0000003e   Code   RO         1873    .text               c_p.l(sys_stackheap_outer.o)
    0x0000186a   0x0000186a   0x00000010   Code   RO         1876    .text               c_p.l(exit.o)
    0x0000187a   0x0000187a   0x00000002   PAD
    0x0000187c   0x0000187c   0x00000088   Code   RO         1882    .text               c_p.l(strcmp.o)
    0x00001904   0x00001904   0x0000000c   Code   RO         1948    .text               c_p.l(sys_exit.o)
    0x00001910   0x00001910   0x00000002   Code   RO         1969    .text               c_p.l(use_no_semi.o)
    0x00001912   0x00001912   0x00000000   Code   RO         1971    .text               c_p.l(indicate_semi.o)
    0x00001912   0x00001912   0x00000002   PAD
    0x00001914   0x00001914   0x0000000c   Code   RO         1005    i.ADC_ClearITPendingAll  cw32l010_adc.o
    0x00001920   0x00001920   0x00000010   Code   RO         1009    i.ADC_Enable        cw32l010_adc.o
    0x00001930   0x00001930   0x00000010   Code   RO         1014    i.ADC_GetSqr0Result  cw32l010_adc.o
    0x00001940   0x00001940   0x00000010   Code   RO         1015    i.ADC_GetSqr1Result  cw32l010_adc.o
    0x00001950   0x00001950   0x00000010   Code   RO         1016    i.ADC_GetSqr2Result  cw32l010_adc.o
    0x00001960   0x00001960   0x00000010   Code   RO         1017    i.ADC_GetSqr3Result  cw32l010_adc.o
    0x00001970   0x00001970   0x00000010   Code   RO         1018    i.ADC_GetSqr4Result  cw32l010_adc.o
    0x00001980   0x00001980   0x00000002   Code   RO          233    i.ADC_IRQHandler    interrupts_cw32l010.o
    0x00001982   0x00001982   0x00000002   PAD
    0x00001984   0x00001984   0x00000164   Code   RO         1024    i.ADC_Init          cw32l010_adc.o
    0x00001ae8   0x00001ae8   0x00000050   Code   RO         1026    i.ADC_SoftwareStartConvCmd  cw32l010_adc.o
    0x00001b38   0x00001b38   0x000000a8   Code   RO          404    i.ADC_init          adc.o
    0x00001be0   0x00001be0   0x00000002   Code   RO          234    i.ATIM_IRQHandler   interrupts_cw32l010.o
    0x00001be2   0x00001be2   0x00000002   PAD
    0x00001be4   0x00001be4   0x0000005c   Code   RO           85    i.BTIM1_IRQHandler  main.o
    0x00001c40   0x00001c40   0x00000058   Code   RO           86    i.BTIM1_init        main.o
    0x00001c98   0x00001c98   0x0000002c   Code   RO         1655    i.BTIM2_IRQHandler  timer.o
    0x00001cc4   0x00001cc4   0x00000002   Code   RO          235    i.BTIM3_IRQHandler  interrupts_cw32l010.o
    0x00001cc6   0x00001cc6   0x00000002   PAD
    0x00001cc8   0x00001cc8   0x00000064   Code   RO          830    i.BTIM_ClearITPendingBit  cw32l010_btim.o
    0x00001d2c   0x00001d2c   0x00000070   Code   RO          831    i.BTIM_Cmd          cw32l010_btim.o
    0x00001d9c   0x00001d9c   0x00000068   Code   RO          840    i.BTIM_GetITStatus  cw32l010_btim.o
    0x00001e04   0x00001e04   0x00000080   Code   RO          842    i.BTIM_ITConfig     cw32l010_btim.o
    0x00001e84   0x00001e84   0x000000c4   Code   RO          853    i.BTIM_TimeBaseInit  cw32l010_btim.o
    0x00001f48   0x00001f48   0x000000ac   Code   RO         1540    i.Draw_Circle       lcd.o
    0x00001ff4   0x00001ff4   0x00000002   Code   RO          236    i.FAULT_IRQHandler  interrupts_cw32l010.o
    0x00001ff6   0x00001ff6   0x00000002   Code   RO          237    i.FLASHRAM_IRQHandler  interrupts_cw32l010.o
    0x00001ff8   0x00001ff8   0x00000010   Code   RO            3    i.FirmwareDelay     system_cw32l010.o
    0x00002008   0x00002008   0x00000002   Code   RO          238    i.GPIOA_IRQHandler  interrupts_cw32l010.o
    0x0000200a   0x0000200a   0x00000002   Code   RO          239    i.GPIOB_IRQHandler  interrupts_cw32l010.o
    0x0000200c   0x0000200c   0x00000058   Code   RO           88    i.GPIO_Configuration  main.o
    0x00002064   0x00002064   0x000000b4   Code   RO          753    i.GPIO_Init         cw32l010_gpio.o
    0x00002118   0x00002118   0x0000000a   Code   RO          755    i.GPIO_ReadPin      cw32l010_gpio.o
    0x00002122   0x00002122   0x0000000c   Code   RO          759    i.GPIO_WritePin     cw32l010_gpio.o
    0x0000212e   0x0000212e   0x00000002   Code   RO          240    i.GTIM1_IRQHandler  interrupts_cw32l010.o
    0x00002130   0x00002130   0x0000009c   Code   RO         1694    i.GetNTCTable_Temp  ntc.o
    0x000021cc   0x000021cc   0x00000064   Code   RO          405    i.Get_ADC_Value     adc.o
    0x00002230   0x00002230   0x00000002   Code   RO          241    i.HardFault_Handler  interrupts_cw32l010.o
    0x00002232   0x00002232   0x00000002   Code   RO          242    i.I2C1_IRQHandler   interrupts_cw32l010.o
    0x00002234   0x00002234   0x00000058   Code   RO         1283    i.InitTick          cw32l010_systick.o
    0x0000228c   0x0000228c   0x0000003a   Code   RO         1465    i.LCD_Address_Set   lcd_init.o
    0x000022c6   0x000022c6   0x00000014   Code   RO         1542    i.LCD_DrawPoint     lcd.o
    0x000022da   0x000022da   0x00000020   Code   RO         1544    i.LCD_Fill          lcd.o
    0x000022fa   0x000022fa   0x00000002   PAD
    0x000022fc   0x000022fc   0x0000009c   Code   RO         1466    i.LCD_GPIO_Init     lcd_init.o
    0x00002398   0x00002398   0x0000021c   Code   RO         1467    i.LCD_Init          lcd_init.o
    0x000025b4   0x000025b4   0x000000f4   Code   RO         1545    i.LCD_ShowChar      lcd.o
    0x000026a8   0x000026a8   0x00000050   Code   RO         1550    i.LCD_ShowPicture   lcd.o
    0x000026f8   0x000026f8   0x00000032   Code   RO         1551    i.LCD_ShowString    lcd.o
    0x0000272a   0x0000272a   0x00000002   PAD
    0x0000272c   0x0000272c   0x00000028   Code   RO         1468    i.LCD_WR_DATA       lcd_init.o
    0x00002754   0x00002754   0x00000060   Code   RO         1469    i.LCD_WR_DATA16_N   lcd_init.o
    0x000027b4   0x000027b4   0x00000024   Code   RO         1470    i.LCD_WR_DATA8      lcd_init.o
    0x000027d8   0x000027d8   0x0000003c   Code   RO         1471    i.LCD_WR_REG        lcd_init.o
    0x00002814   0x00002814   0x00000030   Code   RO         1472    i.LCD_Writ_Bus      lcd_init.o
    0x00002844   0x00002844   0x00000002   Code   RO          243    i.LPTIM_IRQHandler  interrupts_cw32l010.o
    0x00002846   0x00002846   0x00000002   Code   RO          244    i.LVD_IRQHandler    interrupts_cw32l010.o
    0x00002848   0x00002848   0x00000034   Code   RO           89    i.Mean_Value_Filter  main.o
    0x0000287c   0x0000287c   0x00000002   Code   RO          245    i.NMI_Handler       interrupts_cw32l010.o
    0x0000287e   0x0000287e   0x00000002   Code   RO          246    i.PendSV_Handler    interrupts_cw32l010.o
    0x00002880   0x00002880   0x00000002   Code   RO          247    i.RTC_IRQHandler    interrupts_cw32l010.o
    0x00002882   0x00002882   0x00000002   Code   RO          248    i.SPI1_IRQHandler   interrupts_cw32l010.o
    0x00002884   0x00002884   0x0000005c   Code   RO         1350    i.SPI_Cmd           cw32l010_spi.o
    0x000028e0   0x000028e0   0x0000005c   Code   RO         1354    i.SPI_GetFlagStatus  cw32l010_spi.o
    0x0000293c   0x0000293c   0x000001a0   Code   RO         1357    i.SPI_Init          cw32l010_spi.o
    0x00002adc   0x00002adc   0x00000054   Code   RO         1359    i.SPI_NSSInternalSoftwareConfig  cw32l010_spi.o
    0x00002b30   0x00002b30   0x00000040   Code   RO         1361    i.SPI_SendData      cw32l010_spi.o
    0x00002b70   0x00002b70   0x00000002   Code   RO          249    i.SVC_Handler       interrupts_cw32l010.o
    0x00002b72   0x00002b72   0x00000002   PAD
    0x00002b74   0x00002b74   0x00000064   Code   RO          500    i.SYSCTRL_APBPeriphClk_Enable1  cw32l010_sysctrl.o
    0x00002bd8   0x00002bd8   0x00000030   Code   RO           90    i.SYSCTRL_Configuration  main.o
    0x00002c08   0x00002c08   0x00000108   Code   RO          521    i.SYSCTRL_HSI_Enable  cw32l010_sysctrl.o
    0x00002d10   0x00002d10   0x00000002   Code   RO          250    i.SYSCTRL_IRQHandler  interrupts_cw32l010.o
    0x00002d12   0x00002d12   0x00000002   PAD
    0x00002d14   0x00002d14   0x000000a8   Code   RO         1553    i.Show_Chinese      lcd.o
    0x00002dbc   0x00002dbc   0x00000010   Code   RO         1287    i.SysTick_Handler   cw32l010_systick.o
    0x00002dcc   0x00002dcc   0x0000003c   Code   RO            5    i.SystemInit        system_cw32l010.o
    0x00002e08   0x00002e08   0x00000014   Code   RO         1656    i.Timer2_Enable     timer.o
    0x00002e1c   0x00002e1c   0x00000054   Code   RO         1657    i.Timer2_Init       timer.o
    0x00002e70   0x00002e70   0x00000002   Code   RO          251    i.UART1_IRQHandler  interrupts_cw32l010.o
    0x00002e72   0x00002e72   0x00000002   Code   RO          252    i.UART2_IRQHandler  interrupts_cw32l010.o
    0x00002e74   0x00002e74   0x00000002   Code   RO          253    i.VC1_IRQHandler    interrupts_cw32l010.o
    0x00002e76   0x00002e76   0x00000002   Code   RO          254    i.VC2_IRQHandler    interrupts_cw32l010.o
    0x00002e78   0x00002e78   0x000000e4   Code   RO           91    i.Volt_Cal          main.o
    0x00002f5c   0x00002f5c   0x00000002   Code   RO          255    i.WDT_IRQHandler    interrupts_cw32l010.o
    0x00002f5e   0x00002f5e   0x00000030   Code   RO         1861    i.__ARM_common_ll_muluu  c_p.l(btod.o)
    0x00002f8e   0x00002f8e   0x00000002   PAD
    0x00002f90   0x00002f90   0x0000002c   Code   RO         1868    i.__ARM_fpclassify  m_ps.l(fpclassify.o)
    0x00002fbc   0x00002fbc   0x00000044   Code   RO         1288    i.__NVIC_SetPriority  cw32l010_systick.o
    0x00003000   0x00003000   0x0000000e   Code   RO         1737    i._is_digit         c_p.l(__printf_wp.o)
    0x0000300e   0x0000300e   0x00000002   Code   RO           92    i.assert_failed     main.o
    0x00003010   0x00003010   0x00000784   Code   RO           93    i.main              main.o
    0x00003794   0x00003794   0x0000002c   Code   RO         1864    locale$$code        c_p.l(lc_numeric_c.o)
    0x000037c0   0x000037c0   0x0000008c   Code   RO         1777    x$fpl$fadd          fz_ps.l(faddsub.o)
    0x0000384c   0x0000384c   0x000000b0   Code   RO         1790    x$fpl$fmul          fz_ps.l(fmul.o)
    0x000038fc   0x000038fc   0x00000018   Code   RO         1778    x$fpl$frsb          fz_ps.l(faddsub.o)
    0x00003914   0x00003914   0x000000d0   Code   RO         1779    x$fpl$fsub          fz_ps.l(faddsub.o)
    0x000039e4   0x000039e4   0x00000010   Code   RO         1794    x$fpl$printf1       fz_ps.l(printf1.o)
    0x000039f4   0x000039f4   0x00000010   Code   RO         1796    x$fpl$printf2       fz_ps.l(printf2.o)
    0x00003a04   0x00003a04   0x00000000   Code   RO         1823    x$fpl$usenofp       fz_ps.l(usenofp.o)
    0x00003a04   0x00003a04   0x00006408   Data   RO           95    .constdata          main.o
    0x00009e0c   0x00009e0c   0x000020ea   Data   RO         1555    .constdata          lcd.o
    0x0000bef6   0x0000bef6   0x00000002   PAD
    0x0000bef8   0x0000bef8   0x00000194   Data   RO         1695    .constdata          ntc.o
    0x0000c08c   0x0000c08c   0x00000011   Data   RO         1745    .constdata          c_p.l(__printf_flags_ss_wp.o)
    0x0000c09d   0x0000c09d   0x00000040   Data   RO         1784    .constdata          fz_ps.l(fdiv.o)
    0x0000c0dd   0x0000c0dd   0x00000026   Data   RO         1814    .constdata          c_p.l(_printf_fp_hex.o)
    0x0000c103   0x0000c103   0x00000001   PAD
    0x0000c104   0x0000c104   0x00000094   Data   RO         1857    .constdata          c_p.l(bigflt0.o)
    0x0000c198   0x0000c198   0x00000020   Data   RO         2015    Region$$Table       anon$$obj.o
    0x0000c1b8   0x0000c1b8   0x0000001c   Data   RO         1863    locale$$data        c_p.l(lc_numeric_c.o)


    Execution Region RW_IRAM1 (Exec base: 0x20000000, Load base: 0x0000c1d4, Size: 0x000008b0, Max: 0x00002000, ABSOLUTE)

    Exec Addr    Load Addr    Size         Type   Attr      Idx    E Section Name        Object

    0x20000000   0x0000c1d4   0x00000004   Data   RW            6    .data               system_cw32l010.o
    0x20000004   0x0000c1d8   0x0000003c   Data   RW           96    .data               main.o
    0x20000040   0x0000c214   0x00000001   Data   RW          408    .data               adc.o
    0x20000041   0x0000c215   0x00000003   PAD
    0x20000044   0x0000c218   0x0000000c   Data   RW         1289    .data               cw32l010_systick.o
    0x20000050        -       0x00000014   Zero   RW           94    .bss                main.o
    0x20000064        -       0x000003e8   Zero   RW          406    .bss                adc.o
    0x2000044c        -       0x00000060   Zero   RW         1871    .bss                c_p.l(libspace.o)
    0x200004ac   0x0000c224   0x00000004   PAD
    0x200004b0        -       0x00000200   Zero   RW           77    HEAP                startup_cw32l010.o
    0x200006b0        -       0x00000200   Zero   RW           76    STACK               startup_cw32l010.o


==============================================================================

Image component sizes


      Code (inc. data)   RO Data    RW Data    ZI Data      Debug   Object Name

       268         24          0          1       1000      10432   adc.o
       544        106          0          0          0      11747   cw32l010_adc.o
       640        220          0          0          0       4147   cw32l010_btim.o
       202         10          0          0          0       2623   cw32l010_gpio.o
       748        208          0          0          0       8900   cw32l010_spi.o
       364        112          0          0          0       1616   cw32l010_sysctrl.o
       172         26          0         12          0      11428   cw32l010_systick.o
        46          0          0          0          0      36392   interrupts_cw32l010.o
       766         24       8426          0          0       9342   lcd.o
      1034         44          0          0          0       6148   lcd_init.o
      2522        380      25608         60         20     142113   main.o
       156         14        404          0          0       1051   ntc.o
        68         32        192          0       1024        716   startup_cw32l010.o
        76         16          0          4          0     109967   system_cw32l010.o
       148         38          0          0          0       9745   timer.o

    ----------------------------------------------------------------------
      7768       1254      34664         80       2044     366367   Object Totals
         0          0         32          0          0          0   (incl. Generated)
        14          0          2          3          0          0   (incl. Padding)

    ----------------------------------------------------------------------

      Code (inc. data)   RO Data    RW Data    ZI Data      Debug   Library Member Name

         8          0          0          0          0         68   __main.o
       392          6         17          0          0         76   __printf_flags_ss_wp.o
        14          0          0          0          0         60   __printf_wp.o
         0          0          0          0          0          0   __rtentry.o
        12          0          0          0          0          0   __rtentry2.o
         6          0          0          0          0          0   __rtentry4.o
        60          8          0          0          0          0   __scatter.o
        26          0          0          0          0          0   __scatter_copy.o
        28          0          0          0          0          0   __scatter_zi.o
        10          0          0          0          0          0   _printf_a.o
        48          6          0          0          0         88   _printf_char_common.o
        10          0          0          0          0          0   _printf_d.o
       108         18          0          0          0         76   _printf_dec.o
        10          0          0          0          0          0   _printf_e.o
        10          0          0          0          0          0   _printf_f.o
      1048         14          0          0          0        176   _printf_fp_dec.o
       728         10         38          0          0         84   _printf_fp_hex.o
       136         16          0          0          0         76   _printf_fp_infnan.o
        10          0          0          0          0          0   _printf_g.o
       176          0          0          0          0         84   _printf_intcommon.o
        78          0          0          0          0        100   _printf_pad.o
         2          0          0          0          0          0   _printf_percent.o
         4          0          0          0          0          0   _printf_percent_end.o
        10          0          0          0          0         60   _sputc.o
       346          0          0          0          0         92   aeabi_sdiv.o
       216          6        148          0          0         80   bigflt0.o
      1456         30          0          0          0        336   btod.o
        16          0          0          0          0         68   exit.o
         6          0          0          0          0        136   heapauxi.o
         0          0          0          0          0          0   indicate_semi.o
        44         10         28          0          0         76   lc_numeric_c.o
         2          0          0          0          0          0   libinit.o
        18          0          0          0          0          0   libinit2.o
         2          0          0          0          0          0   libshutdown.o
         2          0          0          0          0          0   libshutdown2.o
         8          4          0          0         96         68   libspace.o
       122          0          0          0          0         72   lludiv10.o
        40          4          0          0          0         84   noretval__2sprintf.o
         8          4          0          0          0         68   rt_locale_intlibspace.o
        64          0          0          0          0        108   rt_memclr.o
        56          0          0          0          0         68   rt_memcpy.o
         2          0          0          0          0          0   rtexit.o
        10          0          0          0          0          0   rtexit2.o
        40          0          0          0          0         60   rtudiv10.o
       136          4          0          0          0         72   strcmp.o
        12          4          0          0          0         60   sys_exit.o
        62          0          0          0          0         80   sys_stackheap_outer.o
         2          0          0          0          0         68   use_no_semi.o
        84          4          0          0          0         60   f2d.o
       372          8          0          0          0        240   faddsub.o
       352         10         64          0          0         92   fdiv.o
        48          0          0          0          0         60   ffixui.o
        94          0          0          0          0         92   fflti.o
       176          4          0          0          0         80   fmul.o
        68          4          0          0          0         68   fscalbn.o
        16          4          0          0          0         76   printf1.o
        16          4          0          0          0         76   printf2.o
         0          0          0          0          0          0   usenofp.o
        44          4          0          0          0         60   fpclassify.o

    ----------------------------------------------------------------------
      6892        186        296          0        100       3448   Library Totals
        18          0          1          0          4          0   (incl. Padding)

    ----------------------------------------------------------------------

      Code (inc. data)   RO Data    RW Data    ZI Data      Debug   Library Name

      5604        144        231          0         96       2544   c_p.l
      1226         38         64          0          0        844   fz_ps.l
        44          4          0          0          0         60   m_ps.l

    ----------------------------------------------------------------------
      6892        186        296          0        100       3448   Library Totals

    ----------------------------------------------------------------------

==============================================================================


      Code (inc. data)   RO Data    RW Data    ZI Data      Debug   

     14660       1440      34960         80       2144     364715   Grand Totals
     14660       1440      34960         80       2144     364715   ELF Image Totals
     14660       1440      34960         80          0          0   ROM Totals

==============================================================================

    Total RO  Size (Code + RO Data)                49620 (  48.46kB)
    Total RW  Size (RW Data + ZI Data)              2224 (   2.17kB)
    Total ROM Size (Code + RO Data + RW Data)      49700 (  48.54kB)

==============================================================================

